{
"Synplify Pro (R) Job Log" : {
	"Date" : "15:51:35    07-Jun-2026",
	"Working Directory" : "/home/ahlemzenache/Documents/polarfire-soc-video-kit-reference-design (IMG_COMP_WRITE)/VKPFSOC_JPEG_WRITE/synthesis",
	"CDPL Log file" : "-",
	"Install" : "/home/ahlemzenache/microchip/Libero_SoC_2025.1/Libero_SoC/Synplify_Pro"
},
"synthesis" :{
   "Job Flow" : "Sequential",
   "Start Time" : "15:51:21",
   "Runtime" : "14s",
   "Executable Run Time" : "13s",
   "synthesis" : {
      "Job Flow" : "Sequential",
      "Start Time" : "15:51:21",
      "Runtime" : "14s",
      "Executable Run Time" : "13s",
      "compile" : {
         "Job Flow" : "Sequential",
         "Start Time" : "15:51:21",
         "Runtime" : "10s",
         "Executable Run Time" : "09s",
         "compile_flow" : {
            "Job Flow" : "Sequential",
            "Start Time" : "15:51:21",
            "Runtime" : "08s",
            "Executable Run Time" : "07s",
            "compiler" : {
               "executable" : "bin/c_hdl",
               "Run Directory" : "/home/ahlemzenache/Documents/polarfire-soc-video-kit-reference-design (IMG_COMP_WRITE)/VKPFSOC_JPEG_WRITE/synthesis",
               "Run State" : "Complete",
               "Return Code" : "0",
               "Has Errors" : "no",
               "Run Start Time" : "15:51:21",
               "Run Time" : "08s",
               "Exe Run Time" : "07s",
               "Memory Usage" : "2.812000",
               "CDPL" : "off",
               "Up-to-date (run skipped)" : "no"
            },
            "multi_srs_gen" : {
               "executable" : "bin/syn_nfilter",
               "Run Directory" : "/home/ahlemzenache/Documents/polarfire-soc-video-kit-reference-design (IMG_COMP_WRITE)/VKPFSOC_JPEG_WRITE/synthesis",
               "Run State" : "Complete",
               "Return Code" : "0",
               "Has Errors" : "no",
               "Run Start Time" : "15:51:29",
               "Run Time" : "00s",
               "Exe Run Time" : "00s",
               "Memory Usage" : "2.812000",
               "CDPL" : "off",
               "Up-to-date (run skipped)" : "no"
            }
         },
         "premap" : {
            "executable" : "bin/m_generic",
            "Run Directory" : "/home/ahlemzenache/Documents/polarfire-soc-video-kit-reference-design (IMG_COMP_WRITE)/VKPFSOC_JPEG_WRITE/synthesis",
            "Run State" : "Complete",
            "Return Code" : "1",
            "Has Errors" : "no",
            "Run Start Time" : "15:51:29",
            "Run Time" : "02s",
            "Exe Run Time" : "02s",
            "Memory Usage" : "2.816000",
            "CDPL" : "off",
            "Up-to-date (run skipped)" : "no"
         }
      },
      "map" : {
         "Job Flow" : "Sequential",
         "Start Time" : "15:51:31",
         "Runtime" : "04s",
         "Executable Run Time" : "04s",
         "fpga_mapper" : {
            "executable" : "bin/m_generic",
            "Run Directory" : "/home/ahlemzenache/Documents/polarfire-soc-video-kit-reference-design (IMG_COMP_WRITE)/VKPFSOC_JPEG_WRITE/synthesis",
            "Run State" : "Complete",
            "Return Code" : "1",
            "Has Errors" : "no",
            "Run Start Time" : "15:51:31",
            "Run Time" : "04s",
            "Exe Run Time" : "04s",
            "Memory Usage" : "2.816000",
            "CDPL" : "off",
            "Up-to-date (run skipped)" : "no"
         }
      }
   }
}
}