
                               Synplify Pro (R) 

                Version V-2023.09M-5 for linux64 - Apr 29, 2025 

                    Copyright (c) 1988 - 2025 Synopsys, Inc.
   This software and the associated documentation are proprietary to Synopsys,
 Inc. This software may only be used in accordance with the terms and conditions
 of a written license agreement with Synopsys, Inc. All other use, reproduction,
   or distribution of this software is strictly prohibited.  Licensed Products
     communicate with Synopsys servers for the purpose of providing software
    updates, detecting software piracy and verifying that customers are using
    Licensed Products in conformity with the applicable License Key for such
  Licensed Products. Synopsys will use information gathered in connection with
    this process to deliver software updates and pursue software pirates and
                                   infringers.

 Inclusivity & Diversity - Visit SolvNetPlus to read the "Synopsys Statement on
            Inclusivity and Diversity" (Refer to article 000036315 at
                        https://solvnetplus.synopsys.com)

Starting:    /home/ahlemzenache/microchip/Libero_SoC_2025.1/Libero_SoC/Synplify_Pro/linux_a_64/mbin/synbatch
Install:     /home/ahlemzenache/microchip/Libero_SoC_2025.1/Libero_SoC/Synplify_Pro
Hostname:    IO-ALG-LT003
Date:        Thu Mar  5 13:47:46 2026
Version:     V-2023.09M-5

Arguments:   -product synplify_base -licensetype synplifypro_actel -batch -log synplify.log VKPFSOC_TOP_syn.tcl
ProductType: synplify_pro

License checkout: synplifypro_actel
License: synplifypro_actel node-locked 
Licensed Vendor: actel
License Option: actel_oem

Running in Vendor Mode


add_dut_hierarchy is not supported in current product.
prepare_readback is not supported in current product.
auto_infer_blackbox is not supported in current product.
log file: "/home/ahlemzenache/Documents/polarfire-soc-video-kit-reference-design (Copie)/VKPFSOC_H264/synthesis/VKPFSOC_TOP.srr"
Running: synthesis in foreground

Running VKPFSOC_TOP_syn|synthesis

Running Flow: compile (Compile) on VKPFSOC_TOP_syn|synthesis
# Thu Mar  5 13:47:47 2026

Running Flow: compile_flow (Compile Process) on VKPFSOC_TOP_syn|synthesis
# Thu Mar  5 13:47:47 2026

Running: compiler (Compile Input) on VKPFSOC_TOP_syn|synthesis
# Thu Mar  5 13:47:47 2026
Process ID: 42944
Copied /home/ahlemzenache/Documents/polarfire-soc-video-kit-reference-design (Copie)/VKPFSOC_H264/synthesis/synwork/VKPFSOC_TOP_comp.srs to /home/ahlemzenache/Documents/polarfire-soc-video-kit-reference-design (Copie)/VKPFSOC_H264/synthesis/VKPFSOC_TOP.srs

compiler completed
# Thu Mar  5 13:47:56 2026

Return Code: 0
Run Time:00h:00m:08s

Running: multi_srs_gen (Multi-srs Generator) on VKPFSOC_TOP_syn|synthesis
# Thu Mar  5 13:47:56 2026
Process ID: 43085

multi_srs_gen completed
# Thu Mar  5 13:47:56 2026

Return Code: 0
Run Time:00h:00m:00s
Copied /home/ahlemzenache/Documents/polarfire-soc-video-kit-reference-design (Copie)/VKPFSOC_H264/synthesis/synwork/VKPFSOC_TOP_mult.srs to /home/ahlemzenache/Documents/polarfire-soc-video-kit-reference-design (Copie)/VKPFSOC_H264/synthesis/VKPFSOC_TOP.srs
Complete: Compile Process on VKPFSOC_TOP_syn|synthesis

Running: premap (Premap) on VKPFSOC_TOP_syn|synthesis
# Thu Mar  5 13:47:56 2026
Process ID: 43105

premap completed with warnings
# Thu Mar  5 13:47:58 2026

Return Code: 1
Run Time:00h:00m:02s
Complete: Compile on VKPFSOC_TOP_syn|synthesis

Running Flow: map (Map) on VKPFSOC_TOP_syn|synthesis
# Thu Mar  5 13:47:58 2026
License granted for 4 parallel jobs

Running: fpga_mapper (Map & Optimize) on VKPFSOC_TOP_syn|synthesis
# Thu Mar  5 13:47:58 2026
Process ID: 43123
Copied /home/ahlemzenache/Documents/polarfire-soc-video-kit-reference-design (Copie)/VKPFSOC_H264/synthesis/synwork/VKPFSOC_TOP_m.srm to /home/ahlemzenache/Documents/polarfire-soc-video-kit-reference-design (Copie)/VKPFSOC_H264/synthesis/VKPFSOC_TOP.srm

fpga_mapper completed with warnings
# Thu Mar  5 13:48:04 2026

Return Code: 1
Run Time:00h:00m:06s
Complete: Map on VKPFSOC_TOP_syn|synthesis
Complete: Logic Synthesis on VKPFSOC_TOP_syn|synthesis
TCL script complete: "VKPFSOC_TOP_syn.tcl"
exit status=0
exit status=0
License checkin: synplifypro_actel
