Info: [127205812]:  CMPPF_148: Added 'ADLIB:CLKINT' instance type after 'CLOCKS_AND_RESETS_inst_0/PF_CLK_DIV_C0_0/PF_CLK_DIV_C0_0/I_CD'.
Info: [127205813]:  CMPPF_149: Added 'ADLIB:ICB_CLKINT' instance type before pin 'CLOCKS_AND_RESETS_inst_0/PF_CCC_C0_0/PF_CCC_C0_0/clkint_0:A'.
Info: [127205813]:  CMPPF_149: Added 'ADLIB:ICB_CLKINT' instance type before pin 'CLOCKS_AND_RESETS_inst_0/PF_CCC_C0_0/PF_CCC_C0_0/clkint_4:A'.
Info: [127205813]:  CMPPF_149: Added 'ADLIB:CRN_INT' instance type before pin 'CLOCKS_AND_RESETS_inst_0/PF_CCC_C0_0/PF_CCC_C0_0/pll_inst_0:REF_CLK_0'.
Info: [127205813]:  CMPPF_149: Added 'ADLIB:ICB_CLKINT' instance type before pin 'PF_DDR4_C0_0/CCC_0/clkint_4:A'.
Info: [127205813]:  CMPPF_149: Added 'ADLIB:CRN_INT' instance type before pin 'PF_DDR4_C0_0/CCC_0/pll_inst_0:REF_CLK_0'.
Info: [127205813]:  CMPPF_149: Added 'ADLIB:ICB_CLKINT' instance type before pin 'CLOCKS_AND_RESETS_inst_0/PF_CLK_DIV_C0_0/PF_CLK_DIV_C0_0/I_CD_1:A'.

===============================================================================.

Info: Global design data:
      Total globals:                       7
      Globals that cannot be demoted:      5
      Globals considered for demotion:     2


Info: List of globals that cannot be demoted:
    CLK    ASYN   DATA   Instance Name
    ---    ----   ----   -------------
    10759  0      0      'PF_DDR4_C0_0/CCC_0/clkint_4'
    1440   0      0      'CLOCKS_AND_RESETS_inst_0/PF_CCC_C0_0/PF_CCC_C0_0/clkint_0'
    65     0      1      'CLOCKS_AND_RESETS_inst_0/PF_CCC_C0_0/PF_CCC_C0_0/clkint_4'
    1      0      0      'CLOCKS_AND_RESETS_inst_0/PF_CLK_DIV_C0_0/PF_CLK_DIV_C0_0/I_CD_1/U0'
    1      0      0      'PF_DDR4_C0_0/DDRPHY_BLK_0/CLKINT_CMD'

Info: List of globals considered for demotion:
    CLK    ASYN   DATA   Instance Name
    ---    ----   ----   -------------
    0      4682   0      'PF_DDR4_C0_0/DDRPHY_BLK_0/IOD_TRAINING_0/COREDDR_TIP_INT_U/reset_n_int_rep_RNI9T6V1[0]'
    0      4306   0      'PF_DDR4_C0_0/MSC_i_0/MSC_i_1/MSC_i_2/MSC_i_3/I_2'

Info: Demotion information:
Info: [127205381]:  CMPPF_302: Added 0 row global instances.
Info: [127205382]:  CMPPF_303: Deleted 0 global instances.

===============================================================================.

