Compile Report
Microchip Technology Inc. - Microchip Libero Software Release 2025.1 (Version 2025.1.0.14)
Date: Thu Mar  5 13:48:10 2026

Device Selection
+------------------------+--------------+
| Family                 | PolarFireSoC |
| Device                 | MPFS250TS    |
| Package                | FCG1152      |
| Speed Grade            | -1           |
| Core Voltage           | 1.0V         |
| Part Range             | IND          |
| Default I/O technology | LVCMOS 1.8V  |
+------------------------+--------------+

Source Files
+---------+---------------------------------------------------------------------------------------------------------------------+
| Topcell | VKPFSOC_TOP                                                                                                         |
| Format  | Verilog                                                                                                             |
| Source  | /home/ahlemzenache/Documents/polarfire-soc-video-kit-reference-design (Copie)/VKPFSOC_H264/synthesis/VKPFSOC_TOP.vm |
+---------+---------------------------------------------------------------------------------------------------------------------+

Options
+----------------------------------------------------+----+
| Limit the number of high fanout nets to display to | 10 |
+----------------------------------------------------+----+

Resource Usage
+-----------------------------+------+--------+------------+
| Type                        | Used | Total  | Percentage |
+-----------------------------+------+--------+------------+
| 4LUT                        | 2062 | 254196 | 0.81       |
| DFF                         | 1780 | 254196 | 0.70       |
| User I/O                    | 23   | 372    | 6.18       |
| -- Single-ended I/O         | 23   | 372    | 6.18       |
| -- Differential I/O Pairs   | 0    | 186    | 0.00       |
| -- I/Os using I/O Registers | 0    | 372    | 0.00       |
| I/O Register Flip-Flops     | 0    | 1116   | 0.00       |
| -- Input  I/O Flip-Flops    | 0    | 372    | 0.00       |
| -- Output I/O Flip-Flops    | 0    | 372    | 0.00       |
| -- Enable I/O Flip-Flops    | 0    | 372    | 0.00       |
| uSRAM                       | 1    | 2352   | 0.04       |
| LSRAM                       | 15   | 812    | 1.85       |
| Math                        | 0    | 784    | 0.00       |
| H-Chip Global               | 3    | 48     | 6.25       |
| PLL                         | 1    | 8      | 12.50      |
| DLL                         | 0    | 8      | 0.00       |
| BANKCTRL                    | 1    | 6      | 16.67      |
| CRN_INT                     | 1    | 24     | 4.17       |
| INIT                        | 1    | 1      | 100.00     |
| OSC_RC2MHZ                  | 1    | 1      | 100.00     |
| Transceiver Lanes           | 0    | 16     | 0.00       |
| Transceiver PCIe            | 0    | 2      | 0.00       |
| XCVR_REF_CLK                | 1    | 11     | 9.09       |
| ICB_CLKDIV                  | 1    | 24     | 4.17       |
| ICB_CLKINT                  | 3    | 72     | 4.17       |
| MSS                         | 1    | 1      | 100.00     |
| MSS I/O                     | 98   | 136    | 72.06      |
+-----------------------------+------+--------+------------+

Detailed Logic Resource Usage
+-----------------------+------+------+
| Type                  | 4LUT | DFF  |
+-----------------------+------+------+
| Fabric Logic          | 1510 | 1228 |
| uSRAM Interface Logic | 12   | 12   |
| LSRAM Interface Logic | 540  | 540  |
| Math Interface Logic  | 0    | 0    |
| Total Used            | 2062 | 1780 |
+-----------------------+------+------+

Detailed Carry Chains Resource Usage
+--------+------+
| Length | Used |
| 8      | 4    |
| 9      | 5    |
| 10     | 3    |
| 11     | 3    |
| 12     | 2    |
| 14     | 2    |
| 15     | 3    |
| 29     | 1    |
| Total  | 23   |
+--------+------+

Detailed 4LUT Groups Resource Usage
+--------+------+
| Length | Used |
| 5      | 2    |
| Total  | 2    |
+--------+------+

I/O Function
+-------------------------------+--------------+-------------+-----------------+
| Type                          | w/o register | w/ register | w/ DDR register |
+-------------------------------+--------------+-------------+-----------------+
| Input I/O                     | 5            | 0           | 0               |
| Output I/O                    | 16           | 0           | 0               |
| Bidirectional I/O             | 2            | 0           | 0               |
| Differential Input I/O Pairs  | 0            | 0           | 0               |
| Differential Output I/O Pairs | 0            | 0           | 0               |
+-------------------------------+--------------+-------------+-----------------+

Nets assigned to chip global resources
+--------+---------+---------------------------------------------------------------------------------+
| Fanout | Type    | Name                                                                            |
+--------+---------+---------------------------------------------------------------------------------+
| 1212   | INT_NET | Net   : CLOCKS_AND_RESETS_CLK_125MHz                                            |
|        |         | Driver: CLOCKS_AND_RESETS_inst_0/PF_CCC_C0_0/PF_CCC_C0_0/clkint_0/U0_RGB1       |
|        |         | Source: NETLIST                                                                 |
| 49     | INT_NET | Net   : CLOCKS_AND_RESETS_CLK_50MHz                                             |
|        |         | Driver: CLOCKS_AND_RESETS_inst_0/PF_CCC_C0_0/PF_CCC_C0_0/clkint_4/U0_RGB1       |
|        |         | Source: NETLIST                                                                 |
| 1      | INT_NET | Net   : CLOCKS_AND_RESETS_inst_0/PF_CLK_DIV_C0_0/PF_CLK_DIV_C0_0/I_CD_NET       |
|        |         | Driver: CLOCKS_AND_RESETS_inst_0/PF_CLK_DIV_C0_0/PF_CLK_DIV_C0_0/I_CD_1/U0_RGB1 |
|        |         | Source: NETLIST                                                                 |
+--------+---------+---------------------------------------------------------------------------------+

Nets assigned to row global resources
+--------+------+------+
| Fanout | Type | Name |
+--------+------+------+
+--------+------+------+

High fanout nets
+--------+---------+--------------------------------------------------------------------------------------------------------------------------------------------------------------------------------------+
| Fanout | Type    | Name                                                                                                                                                                                 |
+--------+---------+--------------------------------------------------------------------------------------------------------------------------------------------------------------------------------------+
| 666    | INT_NET | Net   : CLOCKS_AND_RESETS_inst_0_CORERESET_CLK_125MHz_CORERESET_0_dff                                                                                                                |
|        |         | Driver: CLOCKS_AND_RESETS_inst_0/CORERESET_CLK_125MHz/CORERESET_0/dff_15[0]                                                                                                          |
| 319    | INT_NET | Net   : top_ddr_write_0/jpeg_top_1/u_jls/j_e10_2_0_i                                                                                                                                 |
|        |         | Driver: top_ddr_write_0/jpeg_top_1/u_jls/j_bcnt_RNI27GEG[7]                                                                                                                          |
| 249    | INT_NET | Net   : top_ddr_write_0/jpeg_top_1/u_jls/bbuf15                                                                                                                                      |
|        |         | Driver: top_ddr_write_0/jpeg_top_1/u_jls/bbuf15_0_a2                                                                                                                                 |
| 246    | INT_NET | Net   : top_ddr_write_0/jpeg_top_1/u_jls/bbuf28_Z                                                                                                                                    |
|        |         | Driver: top_ddr_write_0/jpeg_top_1/u_jls/bbuf28                                                                                                                                      |
| 199    | INT_NET | Net   : top_ddr_write_0/jpeg_top_1/u_jls/N_223_i                                                                                                                                     |
|        |         | Driver: top_ddr_write_0/jpeg_top_1/u_jls/j_bbuf4_i_a2                                                                                                                                |
| 117    | INT_NET | Net   : top_ddr_write_0/H264_DDR_WRITE_0/AND2_1_Y                                                                                                                                    |
|        |         | Driver: top_ddr_write_0/H264_DDR_WRITE_0/AND2_1                                                                                                                                      |
| 75     | INT_NET | Net   : top_ddr_write_0/jpeg_top_1_encoder_active_o                                                                                                                                  |
|        |         | Driver: top_ddr_write_0/jpeg_top_1/u_fsm/encoder_active_o                                                                                                                            |
| 74     | INT_NET | Net   : top_ddr_write_0/DDR_AXI4_ARBITER_PF_C0_0/DDR_AXI4_ARBITER_PF_C0_0/genblk1.DDR_AXI4_ARBITER_PF_0/ddr_rw_arbiter_0/v_wr_data_fifo/middle_valid                                 |
|        |         | Driver: top_ddr_write_0/DDR_AXI4_ARBITER_PF_C0_0/DDR_AXI4_ARBITER_PF_C0_0/genblk1.DDR_AXI4_ARBITER_PF_0/ddr_rw_arbiter_0/v_wr_data_fifo/genblk19.u_corefifo_fwft/middle_valid        |
| 67     | INT_NET | Net   : top_ddr_write_0/DDR_AXI4_ARBITER_PF_C0_0/DDR_AXI4_ARBITER_PF_C0_0/genblk1.DDR_AXI4_ARBITER_PF_0/ddr_rw_arbiter_0/v_wr_data_fifo/genblk19.u_corefifo_fwft/update_dout_Z       |
|        |         | Driver: top_ddr_write_0/DDR_AXI4_ARBITER_PF_C0_0/DDR_AXI4_ARBITER_PF_C0_0/genblk1.DDR_AXI4_ARBITER_PF_0/ddr_rw_arbiter_0/v_wr_data_fifo/genblk19.u_corefifo_fwft/update_dout         |
| 65     | INT_NET | Net   : top_ddr_write_0/DDR_AXI4_ARBITER_PF_C0_0/DDR_AXI4_ARBITER_PF_C0_0/genblk1.DDR_AXI4_ARBITER_PF_0/ddr_rw_arbiter_0/v_wr_data_fifo/genblk19.u_corefifo_fwft/N_1285_i            |
|        |         | Driver: top_ddr_write_0/DDR_AXI4_ARBITER_PF_C0_0/DDR_AXI4_ARBITER_PF_C0_0/genblk1.DDR_AXI4_ARBITER_PF_0/ddr_rw_arbiter_0/v_wr_data_fifo/genblk19.u_corefifo_fwft/dout_valid_RNIL0PLO |
+--------+---------+--------------------------------------------------------------------------------------------------------------------------------------------------------------------------------------+

High fanout nets (through buffer trees)
+--------+---------+--------------------------------------------------------------------------------------------------------------------------------------------------------------------------------------+
| Fanout | Type    | Name                                                                                                                                                                                 |
+--------+---------+--------------------------------------------------------------------------------------------------------------------------------------------------------------------------------------+
| 666    | INT_NET | Net   : CLOCKS_AND_RESETS_inst_0_CORERESET_CLK_125MHz_CORERESET_0_dff                                                                                                                |
|        |         | Driver: CLOCKS_AND_RESETS_inst_0/CORERESET_CLK_125MHz/CORERESET_0/dff_15[0]                                                                                                          |
| 319    | INT_NET | Net   : top_ddr_write_0/jpeg_top_1/u_jls/j_e10_2_0_i                                                                                                                                 |
|        |         | Driver: top_ddr_write_0/jpeg_top_1/u_jls/j_bcnt_RNI27GEG[7]                                                                                                                          |
| 249    | INT_NET | Net   : top_ddr_write_0/jpeg_top_1/u_jls/bbuf15                                                                                                                                      |
|        |         | Driver: top_ddr_write_0/jpeg_top_1/u_jls/bbuf15_0_a2                                                                                                                                 |
| 246    | INT_NET | Net   : top_ddr_write_0/jpeg_top_1/u_jls/bbuf28_Z                                                                                                                                    |
|        |         | Driver: top_ddr_write_0/jpeg_top_1/u_jls/bbuf28                                                                                                                                      |
| 199    | INT_NET | Net   : top_ddr_write_0/jpeg_top_1/u_jls/N_223_i                                                                                                                                     |
|        |         | Driver: top_ddr_write_0/jpeg_top_1/u_jls/j_bbuf4_i_a2                                                                                                                                |
| 117    | INT_NET | Net   : top_ddr_write_0/H264_DDR_WRITE_0/AND2_1_Y                                                                                                                                    |
|        |         | Driver: top_ddr_write_0/H264_DDR_WRITE_0/AND2_1                                                                                                                                      |
| 75     | INT_NET | Net   : top_ddr_write_0/jpeg_top_1_encoder_active_o                                                                                                                                  |
|        |         | Driver: top_ddr_write_0/jpeg_top_1/u_fsm/encoder_active_o                                                                                                                            |
| 74     | INT_NET | Net   : top_ddr_write_0/DDR_AXI4_ARBITER_PF_C0_0/DDR_AXI4_ARBITER_PF_C0_0/genblk1.DDR_AXI4_ARBITER_PF_0/ddr_rw_arbiter_0/v_wr_data_fifo/middle_valid                                 |
|        |         | Driver: top_ddr_write_0/DDR_AXI4_ARBITER_PF_C0_0/DDR_AXI4_ARBITER_PF_C0_0/genblk1.DDR_AXI4_ARBITER_PF_0/ddr_rw_arbiter_0/v_wr_data_fifo/genblk19.u_corefifo_fwft/middle_valid        |
| 67     | INT_NET | Net   : top_ddr_write_0/DDR_AXI4_ARBITER_PF_C0_0/DDR_AXI4_ARBITER_PF_C0_0/genblk1.DDR_AXI4_ARBITER_PF_0/ddr_rw_arbiter_0/v_wr_data_fifo/genblk19.u_corefifo_fwft/update_dout_Z       |
|        |         | Driver: top_ddr_write_0/DDR_AXI4_ARBITER_PF_C0_0/DDR_AXI4_ARBITER_PF_C0_0/genblk1.DDR_AXI4_ARBITER_PF_0/ddr_rw_arbiter_0/v_wr_data_fifo/genblk19.u_corefifo_fwft/update_dout         |
| 65     | INT_NET | Net   : top_ddr_write_0/DDR_AXI4_ARBITER_PF_C0_0/DDR_AXI4_ARBITER_PF_C0_0/genblk1.DDR_AXI4_ARBITER_PF_0/ddr_rw_arbiter_0/v_wr_data_fifo/genblk19.u_corefifo_fwft/N_1285_i            |
|        |         | Driver: top_ddr_write_0/DDR_AXI4_ARBITER_PF_C0_0/DDR_AXI4_ARBITER_PF_C0_0/genblk1.DDR_AXI4_ARBITER_PF_0/ddr_rw_arbiter_0/v_wr_data_fifo/genblk19.u_corefifo_fwft/dout_valid_RNIL0PLO |
+--------+---------+--------------------------------------------------------------------------------------------------------------------------------------------------------------------------------------+

