----------------------------------------------------------------
-Pin Report - Date: Mon Aug 12 21:47:22 2024 Pinchecksum: NOT-AVAILABLE
-Product: Designer
-Release: v2023.2
-Version: 2023.2.0.8
-Design Name: VKPFSOC_TOP
-Family: PolarFireSoC
-Die: MPFS250TS
-Package: FCG1152
-----------------------------------------------------------------

Port                        |Pin  |Fixed |Function                                               |Bank     |I/O Std   |Direction    |Used I/O Reg       |User I/O Lock Down |Clamp Diode   |Resistor Pull                     |Use I/O Calibration from the lane |Schmitt Trigger |Vcm Input Range    |On Die Termination |Odt Value (Ohm) |Input Delay |Slew              |Output Drive (mA) |Impedance (ohm)  |Output Load (pF)         |Source Termination (Ohm) |Output Delay      |MSS Resistor Pull |MSS Clamp Diode |MSS Persist            |MSS User I/O Lock Down |MSS Odt (Ohm)      |MSS Thevenin (Ohm)  |MSS Schmitt Trigger |MSS Vcm Input Range               |MSS Low Power Mode Input Receiver |MSS Low Power Mode Output Buffer |MSS Output Drive (mA)        |MSS Source Termination (Ohm) |
----------------------------|-----|------|-------------------------------------------------------|---------|----------|-------------|-------------------|-------------------|--------------|----------------------------------|----------------------------------|----------------|-------------------|-------------------|----------------|------------|------------------|------------------|-----------------|-------------------------|-------------------------|------------------|------------------|----------------|-----------------------|-----------------------|-------------------|--------------------|--------------------|----------------------------------|----------------------------------|---------------------------------|-----------------------------|-----------------------------|
CA[0]                        AB1   Yes    MSS_DDR_A0                                              Bank6     LVSTL11I   Output        ---                 ---                 ---            ---                                ---                                ---              ---                 ---                 ---              ---          ---                ---                ---               ---                       ---                       ---                ---                ---              ---                     OFF                     ---                 ---                  ---                  ---                                ---                                ---                               34                            ---                           
CA[1]                        AB2   Yes    MSS_DDR_A1                                              Bank6     LVSTL11I   Output        ---                 ---                 ---            ---                                ---                                ---              ---                 ---                 ---              ---          ---                ---                ---               ---                       ---                       ---                ---                ---              ---                     OFF                     ---                 ---                  ---                  ---                                ---                                ---                               34                            ---                           
CA[2]                        AE3   Yes    MSS_DDR_A2                                              Bank6     LVSTL11I   Output        ---                 ---                 ---            ---                                ---                                ---              ---                 ---                 ---              ---          ---                ---                ---               ---                       ---                       ---                ---                ---              ---                     OFF                     ---                 ---                  ---                  ---                                ---                                ---                               34                            ---                           
CA[3]                        AD1   Yes    MSS_DDR_A3                                              Bank6     LVSTL11I   Output        ---                 ---                 ---            ---                                ---                                ---              ---                 ---                 ---              ---          ---                ---                ---               ---                       ---                       ---                ---                ---              ---                     OFF                     ---                 ---                  ---                  ---                                ---                                ---                               34                            ---                           
CA[4]                        AA2   Yes    MSS_DDR_A4                                              Bank6     LVSTL11I   Output        ---                 ---                 ---            ---                                ---                                ---              ---                 ---                 ---              ---          ---                ---                ---               ---                       ---                       ---                ---                ---              ---                     OFF                     ---                 ---                  ---                  ---                                ---                                ---                               34                            ---                           
CA[5]                        AA3   Yes    MSS_DDR_A5                                              Bank6     LVSTL11I   Output        ---                 ---                 ---            ---                                ---                                ---              ---                 ---                 ---              ---          ---                ---                ---               ---                       ---                       ---                ---                ---              ---                     OFF                     ---                 ---                  ---                  ---                                ---                                ---                               34                            ---                           
CAM1_RST                     K3    Yes    GPIO150NB7                                              Bank7     LVCMOS25   Output        None                No                  ON             None                               No                                 ---              ---                 ---                 120              ---          OFF                8                  ---               5                         ---                       OFF                
CAM1_RX_CLK_N                N14   Yes    GPIO167NB7                                              Bank7     MIPI25     Input         None                No                  OFF            None                               No                                 OFF              MID                 ---                 ---              OFF          ---                ---                ---               ---                       ---                       ---                
CAM1_RX_CLK_P                M14   Yes    GPIO167PB7/CLKIN_W_0/CCC_SW_CLKIN_W_0                   Bank7     MIPI25     Input         None                No                  OFF            None                               No                                 OFF              MID                 ---                 ---              OFF          ---                ---                ---               ---                       ---                       ---                
CAM1_RXD[0]                  L12   Yes    GPIO166PB7                                              Bank7     MIPI25     Input         None                No                  OFF            None                               No                                 OFF              MID                 ---                 ---              ---          ---                ---                ---               ---                       ---                       ---                
CAM1_RXD[1]                  L10   Yes    GPIO163PB7/CLKIN_W_2/CCC_SW_CLKIN_W_2/CCC_SW_PLL0_OUT0  Bank7     MIPI25     Input         None                No                  OFF            None                               No                                 OFF              MID                 ---                 ---              ---          ---                ---                ---               ---                       ---                       ---                
CAM1_RXD[2]                  M11   Yes    GPIO165PB7/DQS/CCC_SW_PLL0_OUT0                         Bank7     MIPI25     Input         None                No                  OFF            None                               No                                 OFF              MID                 ---                 ---              ---          ---                ---                ---               ---                       ---                       ---                
CAM1_RXD[3]                  N13   Yes    GPIO164PB7/CLKIN_W_1/CCC_SW_CLKIN_W_1                   Bank7     MIPI25     Input         None                No                  OFF            None                               No                                 OFF              MID                 ---                 ---              ---          ---                ---                ---               ---                       ---                       ---                
CAM1_RXD_N[0]                M12   Yes    GPIO166NB7                                              Bank7     MIPI25     Input         None                No                  OFF            None                               No                                 OFF              MID                 ---                 ---              ---          ---                ---                ---               ---                       ---                       ---                
CAM1_RXD_N[1]                K10   Yes    GPIO163NB7                                              Bank7     MIPI25     Input         None                No                  OFF            None                               No                                 OFF              MID                 ---                 ---              ---          ---                ---                ---               ---                       ---                       ---                
CAM1_RXD_N[2]                N11   Yes    GPIO165NB7/DQS                                          Bank7     MIPI25     Input         None                No                  OFF            None                               No                                 OFF              MID                 ---                 ---              ---          ---                ---                ---               ---                       ---                       ---                
CAM1_RXD_N[3]                N12   Yes    GPIO164NB7                                              Bank7     MIPI25     Input         None                No                  OFF            None                               No                                 OFF              MID                 ---                 ---              ---          ---                ---                ---               ---                       ---                       ---                
CAM1_SCL                     K7    Yes    GPIO154PB7                                              Bank7     LVCMOS25   Inout         None                No                  ON             Up                                 No                                 OFF              ---                 OFF                 120              OFF          OFF                8                  ---               5                         ---                       OFF                
CAM1_SDA                     J8    Yes    GPIO154NB7                                              Bank7     LVCMOS25   Inout         None                No                  ON             Up                                 No                                 OFF              ---                 OFF                 120              OFF          OFF                8                  ---               5                         ---                       OFF                
cam1inck                     J5    Yes    GPIO151PB7                                              Bank7     LVCMOS25   Output        None                No                  ON             None                               No                                 ---              ---                 ---                 120              ---          OFF                8                  ---               5                         ---                       OFF                
cam1xmaster                  J4    Yes    GPIO150PB7                                              Bank7     LVCMOS25   Output        None                No                  ON             None                               No                                 ---              ---                 ---                 120              ---          OFF                8                  ---               5                         ---                       OFF                
CAM_CLK_EN                   K5    Yes    GPIO151NB7                                              Bank7     LVCMOS25   Output        None                No                  ON             None                               No                                 ---              ---                 ---                 120              ---          OFF                8                  ---               5                         ---                       OFF                
CK                           AC1   Yes    MSS_DDR_CK0/DDR_PLL0_OUT0                               Bank6     LVSTL11I   Output        ---                 ---                 ---            ---                                ---                                ---              ---                 ---                 ---              ---          ---                ---                ---               ---                       ---                       ---                ---                ---              ---                     OFF                     ---                 ---                  ---                  ---                                ---                                ---                               34                            ---                           
CK_N                         AC2   Yes    MSS_DDR_CK_N0                                           Bank6     LVSTL11I   Output        ---                 ---                 ---            ---                                ---                                ---              ---                 ---                 ---              ---          ---                ---                ---               ---                       ---                       ---                ---                ---              ---                     OFF                     ---                 ---                  ---                  ---                                ---                                ---                               34                            ---                           
CKE                          AC11  Yes    MSS_DDR_CKE0                                            Bank6     LVSTL11I   Output        ---                 ---                 ---            ---                                ---                                ---              ---                 ---                 ---              ---          ---                ---                ---               ---                       ---                       ---                ---                ---              ---                     OFF                     ---                 ---                  ---                  ---                                ---                                ---                               34                            ---                           
CS                           AC14  Yes    MSS_DDR_CS0                                             Bank6     LVSTL11I   Output        ---                 ---                 ---            ---                                ---                                ---              ---                 ---                 ---              ---          ---                ---                ---               ---                       ---                       ---                ---                ---              ---                     OFF                     ---                 ---                  ---                  ---                                ---                                ---                               34                            ---                           
DM[0]                        AG7   Yes    MSS_DDR_DM0                                             Bank6     LVSTL11I   Output        ---                 ---                 ---            ---                                ---                                ---              ---                 ---                 ---              ---          ---                ---                ---               ---                       ---                       ---                ---                ---              ---                     OFF                     ---                 ---                  ---                  ---                                ---                                ---                               40                            ---                           
DM[1]                        AJ1   Yes    MSS_DDR_DM1                                             Bank6     LVSTL11I   Output        ---                 ---                 ---            ---                                ---                                ---              ---                 ---                 ---              ---          ---                ---                ---               ---                       ---                       ---                ---                ---              ---                     OFF                     ---                 ---                  ---                  ---                                ---                                ---                               40                            ---                           
DM[2]                        AK6   Yes    MSS_DDR_DM2                                             Bank6     LVSTL11I   Output        ---                 ---                 ---            ---                                ---                                ---              ---                 ---                 ---              ---          ---                ---                ---               ---                       ---                       ---                ---                ---              ---                     OFF                     ---                 ---                  ---                  ---                                ---                                ---                               40                            ---                           
DM[3]                        AN1   Yes    MSS_DDR_DM3                                             Bank6     LVSTL11I   Output        ---                 ---                 ---            ---                                ---                                ---              ---                 ---                 ---              ---          ---                ---                ---               ---                       ---                       ---                ---                ---              ---                     OFF                     ---                 ---                  ---                  ---                                ---                                ---                               40                            ---                           
DQ[0]                        AF8   Yes    MSS_DDR_DQ0                                             Bank6     LVSTL11I   Inout         ---                 ---                 ---            ---                                ---                                ---              ---                 ---                 ---              ---          ---                ---                ---               ---                       ---                       ---                ---                ---              ---                     OFF                     80                  ---                  ---                  ---                                ---                                ---                               40                            ---                           
DQ[1]                        AF7   Yes    MSS_DDR_DQ1                                             Bank6     LVSTL11I   Inout         ---                 ---                 ---            ---                                ---                                ---              ---                 ---                 ---              ---          ---                ---                ---               ---                       ---                       ---                ---                ---              ---                     OFF                     80                  ---                  ---                  ---                                ---                                ---                               40                            ---                           
DQ[2]                        AE8   Yes    MSS_DDR_DQ2                                             Bank6     LVSTL11I   Inout         ---                 ---                 ---            ---                                ---                                ---              ---                 ---                 ---              ---          ---                ---                ---               ---                       ---                       ---                ---                ---              ---                     OFF                     80                  ---                  ---                  ---                                ---                                ---                               40                            ---                           
DQ[3]                        AE7   Yes    MSS_DDR_DQ3                                             Bank6     LVSTL11I   Inout         ---                 ---                 ---            ---                                ---                                ---              ---                 ---                 ---              ---          ---                ---                ---               ---                       ---                       ---                ---                ---              ---                     OFF                     80                  ---                  ---                  ---                                ---                                ---                               40                            ---                           
DQ[4]                        AH7   Yes    MSS_DDR_DQ4                                             Bank6     LVSTL11I   Inout         ---                 ---                 ---            ---                                ---                                ---              ---                 ---                 ---              ---          ---                ---                ---               ---                       ---                       ---                ---                ---              ---                     OFF                     80                  ---                  ---                  ---                                ---                                ---                               40                            ---                           
DQ[5]                        AH8   Yes    MSS_DDR_DQ5                                             Bank6     LVSTL11I   Inout         ---                 ---                 ---            ---                                ---                                ---              ---                 ---                 ---              ---          ---                ---                ---               ---                       ---                       ---                ---                ---              ---                     OFF                     80                  ---                  ---                  ---                                ---                                ---                               40                            ---                           
DQ[6]                        AF5   Yes    MSS_DDR_DQ6                                             Bank6     LVSTL11I   Inout         ---                 ---                 ---            ---                                ---                                ---              ---                 ---                 ---              ---          ---                ---                ---               ---                       ---                       ---                ---                ---              ---                     OFF                     80                  ---                  ---                  ---                                ---                                ---                               40                            ---                           
DQ[7]                        AF4   Yes    MSS_DDR_DQ7                                             Bank6     LVSTL11I   Inout         ---                 ---                 ---            ---                                ---                                ---              ---                 ---                 ---              ---          ---                ---                ---               ---                       ---                       ---                ---                ---              ---                     OFF                     80                  ---                  ---                  ---                                ---                                ---                               40                            ---                           
DQ[8]                        AF3   Yes    MSS_DDR_DQ8                                             Bank6     LVSTL11I   Inout         ---                 ---                 ---            ---                                ---                                ---              ---                 ---                 ---              ---          ---                ---                ---               ---                       ---                       ---                ---                ---              ---                     OFF                     80                  ---                  ---                  ---                                ---                                ---                               40                            ---                           
DQ[9]                        AF2   Yes    MSS_DDR_DQ9                                             Bank6     LVSTL11I   Inout         ---                 ---                 ---            ---                                ---                                ---              ---                 ---                 ---              ---          ---                ---                ---               ---                       ---                       ---                ---                ---              ---                     OFF                     80                  ---                  ---                  ---                                ---                                ---                               40                            ---                           
DQ[10]                       AE2   Yes    MSS_DDR_DQ10                                            Bank6     LVSTL11I   Inout         ---                 ---                 ---            ---                                ---                                ---              ---                 ---                 ---              ---          ---                ---                ---               ---                       ---                       ---                ---                ---              ---                     OFF                     80                  ---                  ---                  ---                                ---                                ---                               40                            ---                           
DQ[11]                       AE1   Yes    MSS_DDR_DQ11                                            Bank6     LVSTL11I   Inout         ---                 ---                 ---            ---                                ---                                ---              ---                 ---                 ---              ---          ---                ---                ---               ---                       ---                       ---                ---                ---              ---                     OFF                     80                  ---                  ---                  ---                                ---                                ---                               40                            ---                           
DQ[12]                       AG1   Yes    MSS_DDR_DQ12                                            Bank6     LVSTL11I   Inout         ---                 ---                 ---            ---                                ---                                ---              ---                 ---                 ---              ---          ---                ---                ---               ---                       ---                       ---                ---                ---              ---                     OFF                     80                  ---                  ---                  ---                                ---                                ---                               40                            ---                           
DQ[13]                       AH1   Yes    MSS_DDR_DQ13                                            Bank6     LVSTL11I   Inout         ---                 ---                 ---            ---                                ---                                ---              ---                 ---                 ---              ---          ---                ---                ---               ---                       ---                       ---                ---                ---              ---                     OFF                     80                  ---                  ---                  ---                                ---                                ---                               40                            ---                           
DQ[14]                       AH3   Yes    MSS_DDR_DQ14                                            Bank6     LVSTL11I   Inout         ---                 ---                 ---            ---                                ---                                ---              ---                 ---                 ---              ---          ---                ---                ---               ---                       ---                       ---                ---                ---              ---                     OFF                     80                  ---                  ---                  ---                                ---                                ---                               40                            ---                           
DQ[15]                       AJ3   Yes    MSS_DDR_DQ15                                            Bank6     LVSTL11I   Inout         ---                 ---                 ---            ---                                ---                                ---              ---                 ---                 ---              ---          ---                ---                ---               ---                       ---                       ---                ---                ---              ---                     OFF                     80                  ---                  ---                  ---                                ---                                ---                               40                            ---                           
DQ[16]                       AJ6   Yes    MSS_DDR_DQ16                                            Bank6     LVSTL11I   Inout         ---                 ---                 ---            ---                                ---                                ---              ---                 ---                 ---              ---          ---                ---                ---               ---                       ---                       ---                ---                ---              ---                     OFF                     80                  ---                  ---                  ---                                ---                                ---                               40                            ---                           
DQ[17]                       AG5   Yes    MSS_DDR_DQ17                                            Bank6     LVSTL11I   Inout         ---                 ---                 ---            ---                                ---                                ---              ---                 ---                 ---              ---          ---                ---                ---               ---                       ---                       ---                ---                ---              ---                     OFF                     80                  ---                  ---                  ---                                ---                                ---                               40                            ---                           
DQ[18]                       AH6   Yes    MSS_DDR_DQ18                                            Bank6     LVSTL11I   Inout         ---                 ---                 ---            ---                                ---                                ---              ---                 ---                 ---              ---          ---                ---                ---               ---                       ---                       ---                ---                ---              ---                     OFF                     80                  ---                  ---                  ---                                ---                                ---                               40                            ---                           
DQ[19]                       AH4   Yes    MSS_DDR_DQ19                                            Bank6     LVSTL11I   Inout         ---                 ---                 ---            ---                                ---                                ---              ---                 ---                 ---              ---          ---                ---                ---               ---                       ---                       ---                ---                ---              ---                     OFF                     80                  ---                  ---                  ---                                ---                                ---                               40                            ---                           
DQ[20]                       AG6   Yes    MSS_DDR_DQ20                                            Bank6     LVSTL11I   Inout         ---                 ---                 ---            ---                                ---                                ---              ---                 ---                 ---              ---          ---                ---                ---               ---                       ---                       ---                ---                ---              ---                     OFF                     80                  ---                  ---                  ---                                ---                                ---                               40                            ---                           
DQ[21]                       AG4   Yes    MSS_DDR_DQ21                                            Bank6     LVSTL11I   Inout         ---                 ---                 ---            ---                                ---                                ---              ---                 ---                 ---              ---          ---                ---                ---               ---                       ---                       ---                ---                ---              ---                     OFF                     80                  ---                  ---                  ---                                ---                                ---                               40                            ---                           
DQ[22]                       AK5   Yes    MSS_DDR_DQ22                                            Bank6     LVSTL11I   Inout         ---                 ---                 ---            ---                                ---                                ---              ---                 ---                 ---              ---          ---                ---                ---               ---                       ---                       ---                ---                ---              ---                     OFF                     80                  ---                  ---                  ---                                ---                                ---                               40                            ---                           
DQ[23]                       AL5   Yes    MSS_DDR_DQ23                                            Bank6     LVSTL11I   Inout         ---                 ---                 ---            ---                                ---                                ---              ---                 ---                 ---              ---          ---                ---                ---               ---                       ---                       ---                ---                ---              ---                     OFF                     80                  ---                  ---                  ---                                ---                                ---                               40                            ---                           
DQ[24]                       AK3   Yes    MSS_DDR_DQ24                                            Bank6     LVSTL11I   Inout         ---                 ---                 ---            ---                                ---                                ---              ---                 ---                 ---              ---          ---                ---                ---               ---                       ---                       ---                ---                ---              ---                     OFF                     80                  ---                  ---                  ---                                ---                                ---                               40                            ---                           
DQ[25]                       AL3   Yes    MSS_DDR_DQ25                                            Bank6     LVSTL11I   Inout         ---                 ---                 ---            ---                                ---                                ---              ---                 ---                 ---              ---          ---                ---                ---               ---                       ---                       ---                ---                ---              ---                     OFF                     80                  ---                  ---                  ---                                ---                                ---                               40                            ---                           
DQ[26]                       AK2   Yes    MSS_DDR_DQ26                                            Bank6     LVSTL11I   Inout         ---                 ---                 ---            ---                                ---                                ---              ---                 ---                 ---              ---          ---                ---                ---               ---                       ---                       ---                ---                ---              ---                     OFF                     80                  ---                  ---                  ---                                ---                                ---                               40                            ---                           
DQ[27]                       AK1   Yes    MSS_DDR_DQ27                                            Bank6     LVSTL11I   Inout         ---                 ---                 ---            ---                                ---                                ---              ---                 ---                 ---              ---          ---                ---                ---               ---                       ---                       ---                ---                ---              ---                     OFF                     80                  ---                  ---                  ---                                ---                                ---                               40                            ---                           
DQ[28]                       AL2   Yes    MSS_DDR_DQ28                                            Bank6     LVSTL11I   Inout         ---                 ---                 ---            ---                                ---                                ---              ---                 ---                 ---              ---          ---                ---                ---               ---                       ---                       ---                ---                ---              ---                     OFF                     80                  ---                  ---                  ---                                ---                                ---                               40                            ---                           
DQ[29]                       AM1   Yes    MSS_DDR_DQ29                                            Bank6     LVSTL11I   Inout         ---                 ---                 ---            ---                                ---                                ---              ---                 ---                 ---              ---          ---                ---                ---               ---                       ---                       ---                ---                ---              ---                     OFF                     80                  ---                  ---                  ---                                ---                                ---                               40                            ---                           
DQ[30]                       AM2   Yes    MSS_DDR_DQ30                                            Bank6     LVSTL11I   Inout         ---                 ---                 ---            ---                                ---                                ---              ---                 ---                 ---              ---          ---                ---                ---               ---                       ---                       ---                ---                ---              ---                     OFF                     80                  ---                  ---                  ---                                ---                                ---                               40                            ---                           
DQ[31]                       AN2   Yes    MSS_DDR_DQ31                                            Bank6     LVSTL11I   Inout         ---                 ---                 ---            ---                                ---                                ---              ---                 ---                 ---              ---          ---                ---                ---               ---                       ---                       ---                ---                ---              ---                     OFF                     80                  ---                  ---                  ---                                ---                                ---                               40                            ---                           
DQS[0]                       AE6   Yes    MSS_DDR_DQS_P0                                          Bank6     LVSTL11I   Inout         ---                 ---                 ---            ---                                ---                                ---              ---                 ---                 ---              ---          ---                ---                ---               ---                       ---                       ---                ---                ---              ---                     OFF                     40                  ---                  ---                  ---                                ---                                ---                               40                            ---                           
DQS[1]                       AG2   Yes    MSS_DDR_DQS_P1                                          Bank6     LVSTL11I   Inout         ---                 ---                 ---            ---                                ---                                ---              ---                 ---                 ---              ---          ---                ---                ---               ---                       ---                       ---                ---                ---              ---                     OFF                     40                  ---                  ---                  ---                                ---                                ---                               40                            ---                           
DQS[2]                       AJ4   Yes    MSS_DDR_DQS_P2                                          Bank6     LVSTL11I   Inout         ---                 ---                 ---            ---                                ---                                ---              ---                 ---                 ---              ---          ---                ---                ---               ---                       ---                       ---                ---                ---              ---                     OFF                     40                  ---                  ---                  ---                                ---                                ---                               40                            ---                           
DQS[3]                       AL4   Yes    MSS_DDR_DQS_P3                                          Bank6     LVSTL11I   Inout         ---                 ---                 ---            ---                                ---                                ---              ---                 ---                 ---              ---          ---                ---                ---               ---                       ---                       ---                ---                ---              ---                     OFF                     40                  ---                  ---                  ---                                ---                                ---                               40                            ---                           
DQS_N[0]                     AE5   Yes    MSS_DDR_DQS_N0                                          Bank6     LVSTL11I   Inout         ---                 ---                 ---            ---                                ---                                ---              ---                 ---                 ---              ---          ---                ---                ---               ---                       ---                       ---                ---                ---              ---                     OFF                     40                  ---                  ---                  ---                                ---                                ---                               40                            ---                           
DQS_N[1]                     AH2   Yes    MSS_DDR_DQS_N1                                          Bank6     LVSTL11I   Inout         ---                 ---                 ---            ---                                ---                                ---              ---                 ---                 ---              ---          ---                ---                ---               ---                       ---                       ---                ---                ---              ---                     OFF                     40                  ---                  ---                  ---                                ---                                ---                               40                            ---                           
DQS_N[2]                     AJ5   Yes    MSS_DDR_DQS_N2                                          Bank6     LVSTL11I   Inout         ---                 ---                 ---            ---                                ---                                ---              ---                 ---                 ---              ---          ---                ---                ---               ---                       ---                       ---                ---                ---              ---                     OFF                     40                  ---                  ---                  ---                                ---                                ---                               40                            ---                           
DQS_N[3]                     AM4   Yes    MSS_DDR_DQS_N3                                          Bank6     LVSTL11I   Inout         ---                 ---                 ---            ---                                ---                                ---              ---                 ---                 ---              ---          ---                ---                ---               ---                       ---                       ---                ---                ---              ---                     OFF                     40                  ---                  ---                  ---                                ---                                ---                               40                            ---                           
LED2                         AP28  Yes    HSIO67PB0/CCC_NE_PLL0_OUT1                              Bank0     LVCMOS12   Output        None                No                  ON             None                               No                                 ---              ---                 ---                 120              ---          OFF                8                  ---               5                         ---                       OFF                
LED3                         AP29  Yes    HSIO67NB0                                               Bank0     LVCMOS12   Output        None                No                  ON             None                               No                                 ---              ---                 ---                 120              ---          OFF                8                  ---               5                         ---                       OFF                
LVDS_R0X                     G6    Yes    GPIO174PB1                                              Bank1     LVCMOS33   Input         None                No                  ON             Up                                 No                                 OFF              ---                 ---                 ---              OFF          ---                ---                ---               ---                       ---                       ---                
LVDS_R1X                     F5    Yes    GPIO174NB1                                              Bank1     LVCMOS33   Input         None                No                  ON             Up                                 No                                 OFF              ---                 ---                 ---              OFF          ---                ---                ---               ---                       ---                       ---                
LVDS_T0X                     B4    Yes    GPIO177PB1/CCC_SW_PLL0_OUT0                             Bank1     LVCMOS33   Output        None                No                  ON             None                               No                                 ---              ---                 ---                 ---              ---          OFF                8                  ---               5                         ---                       OFF                
LVDS_T1X                     B5    Yes    GPIO177NB1                                              Bank1     LVCMOS33   Output        None                No                  ON             None                               No                                 ---              ---                 ---                 ---              ---          OFF                8                  ---               5                         ---                       OFF                
MAC_0_MDC                    U10   Yes    MSSIO35B2                                               Bank2     LVCMOS33   Output        ---                 ---                 ---            ---                                ---                                ---              ---                 ---                 ---              ---          ---                ---                ---               ---                       ---                       ---                Up                 OFF              OFF                     OFF                     ---                 ---                  ---                  ---                                ---                                OFF                               8                             ---                           
MAC_0_MDIO                   U14   Yes    MSSIO36B2                                               Bank2     LVCMOS33   Inout         ---                 ---                 ---            ---                                ---                                ---              ---                 ---                 ---              ---          ---                ---                ---               ---                       ---                       ---                Up                 OFF              OFF                     OFF                     ---                 ---                  OFF                  ---                                OFF                                OFF                               8                             ---                           
MMUART_0_RXD_F2M             C7    Yes    GPIO182PB1/DQS                                          Bank1     LVCMOS33   Input         None                No                  ON             Up                                 No                                 OFF              ---                 ---                 ---              OFF          ---                ---                ---               ---                       ---                       ---                
MMUART_0_TXD_M2F             B7    Yes    GPIO182NB1/DQS                                          Bank1     LVCMOS33   Output        None                No                  ON             None                               No                                 ---              ---                 ---                 ---              ---          OFF                8                  ---               5                         ---                       OFF                
MMUART_1_RXD_F2M             D4    Yes    GPIO175PB1                                              Bank1     LVCMOS33   Input         None                No                  ON             Up                                 No                                 OFF              ---                 ---                 ---              OFF          ---                ---                ---               ---                       ---                       ---                
MMUART_1_TXD_M2F             C4    Yes    GPIO175NB1                                              Bank1     LVCMOS33   Output        None                No                  ON             None                               No                                 ---              ---                 ---                 ---              ---          OFF                8                  ---               5                         ---                       OFF                
ODT                          AB11  Yes    MSS_DDR_ODT0                                            Bank6     LVSTL11I   Output        ---                 ---                 ---            ---                                ---                                ---              ---                 ---                 ---              ---          ---                ---                ---               ---                       ---                       ---                ---                ---              ---                     OFF                     ---                 ---                  ---                  ---                                ---                                ---                               34                            ---                           
REF_CLK_PAD_N                AF30  Fixed  XCVR_2B_REFCLK_N                                        ---       
REF_CLK_PAD_P                AF29  Fixed  XCVR_2B_REFCLK_P                                        ---       
REFCLK                       V3    Yes    MSS_REFCLK_IN_P                                         Bank5     LVDS25     Input         ---                 ---                 ---            ---                                ---                                ---              ---                 ---                 ---              ---          ---                ---                ---               ---                       ---                       ---                ---                ---              ---                     OFF                     100                 ---                  ---                  ---                                ---                                ---                               ---                           ---                           
REFCLK_N                     W3    Yes    MSS_REFCLK_IN_N                                         Bank5     LVDS25     Input         ---                 ---                 ---            ---                                ---                                ---              ---                 ---                 ---              ---          ---                ---                ---               ---                       ---                       ---                ---                ---              ---                     OFF                     100                 ---                  ---                  ---                                ---                                ---                               ---                           ---                           
RESET_N                      AB12  Yes    MSS_DDR_RAM_RST_N/DDR_PLL0_OUT1                         Bank6     LVSTL11I   Output        ---                 ---                 ---            ---                                ---                                ---              ---                 ---                 ---              ---          ---                ---                ---               ---                       ---                       ---                ---                ---              ---                     OFF                     ---                 ---                  ---                  ---                                ---                                ---                               34                            ---                           
SD_CD_EMMC_STRB              Y10   Yes    MSSIO6B4                                                Bank4     LVCMOS18   Input         ---                 ---                 ---            ---                                ---                                ---              ---                 ---                 ---              ---          ---                ---                ---               ---                       ---                       ---                Up                 OFF              OFF                     OFF                     ---                 ---                  ON                   ---                                OFF                                ---                               ---                           ---                           
SD_CLK_EMMC_CLK              AA8   Yes    MSSIO0B4                                                Bank4     LVCMOS18   Output        ---                 ---                 ---            ---                                ---                                ---              ---                 ---                 ---              ---          ---                ---                ---               ---                       ---                       ---                Up                 OFF              OFF                     OFF                     ---                 ---                  ---                  ---                                ---                                OFF                               8                             ---                           
SD_CMD_EMMC_CMD              AA9   Yes    MSSIO1B4                                                Bank4     LVCMOS18   Inout         ---                 ---                 ---            ---                                ---                                ---              ---                 ---                 ---              ---          ---                ---                ---               ---                       ---                       ---                Up                 OFF              OFF                     OFF                     ---                 ---                  ON                   ---                                OFF                                OFF                               8                             ---                           
SD_DATA0_EMMC_DATA0          AA7   Yes    MSSIO2B4                                                Bank4     LVCMOS18   Inout         ---                 ---                 ---            ---                                ---                                ---              ---                 ---                 ---              ---          ---                ---                ---               ---                       ---                       ---                Up                 OFF              OFF                     OFF                     ---                 ---                  ON                   ---                                OFF                                OFF                               8                             ---                           
SD_DATA1_EMMC_DATA1          Y6    Yes    MSSIO3B4                                                Bank4     LVCMOS18   Inout         ---                 ---                 ---            ---                                ---                                ---              ---                 ---                 ---              ---          ---                ---                ---               ---                       ---                       ---                Up                 OFF              OFF                     OFF                     ---                 ---                  ON                   ---                                OFF                                OFF                               8                             ---                           
SD_DATA2_EMMC_DATA2          AA10  Yes    MSSIO4B4                                                Bank4     LVCMOS18   Inout         ---                 ---                 ---            ---                                ---                                ---              ---                 ---                 ---              ---          ---                ---                ---               ---                       ---                       ---                Up                 OFF              OFF                     OFF                     ---                 ---                  ON                   ---                                OFF                                OFF                               8                             ---                           
SD_DATA3_EMMC_DATA3          AA13  Yes    MSSIO5B4                                                Bank4     LVCMOS18   Inout         ---                 ---                 ---            ---                                ---                                ---              ---                 ---                 ---              ---          ---                ---                ---               ---                       ---                       ---                Up                 OFF              OFF                     OFF                     ---                 ---                  ON                   ---                                OFF                                OFF                               8                             ---                           
SD_POW_EMMC_DATA4            Y14   Yes    MSSIO8B4                                                Bank4     LVCMOS18   Output        ---                 ---                 ---            ---                                ---                                ---              ---                 ---                 ---              ---          ---                ---                ---               ---                       ---                       ---                Up                 OFF              OFF                     OFF                     ---                 ---                  ---                  ---                                ---                                OFF                               8                             ---                           
SD_VOLT_CMD_DIR_EMMC_DATA7   Y11   Yes    MSSIO11B4                                               Bank4     LVCMOS18   Output        ---                 ---                 ---            ---                                ---                                ---              ---                 ---                 ---              ---          ---                ---                ---               ---                       ---                       ---                Up                 OFF              OFF                     OFF                     ---                 ---                  ---                  ---                                ---                                OFF                               8                             ---                           
SD_VOLT_DIR_0_EMMC_UNUSED    AA12  Yes    MSSIO12B4                                               Bank4     LVCMOS18   Output        ---                 ---                 ---            ---                                ---                                ---              ---                 ---                 ---              ---          ---                ---                ---               ---                       ---                       ---                Up                 OFF              OFF                     OFF                     ---                 ---                  ---                  ---                                ---                                OFF                               8                             ---                           
SD_VOLT_DIR_1_3_EMMC_UNUSED  Y12   Yes    MSSIO13B4                                               Bank4     LVCMOS18   Output        ---                 ---                 ---            ---                                ---                                ---              ---                 ---                 ---              ---          ---                ---                ---               ---                       ---                       ---                Up                 OFF              OFF                     OFF                     ---                 ---                  ---                  ---                                ---                                OFF                               8                             ---                           
SD_VOLT_EN_EMMC_DATA6        Y8    Yes    MSSIO10B4                                               Bank4     LVCMOS18   Output        ---                 ---                 ---            ---                                ---                                ---              ---                 ---                 ---              ---          ---                ---                ---               ---                       ---                       ---                Up                 OFF              OFF                     OFF                     ---                 ---                  ---                  ---                                ---                                OFF                               8                             ---                           
SD_VOLT_SEL_EMMC_DATA5       Y13   Yes    MSSIO9B4                                                Bank4     LVCMOS18   Output        ---                 ---                 ---            ---                                ---                                ---              ---                 ---                 ---              ---          ---                ---                ---               ---                       ---                       ---                Up                 OFF              OFF                     OFF                     ---                 ---                  ---                  ---                                ---                                OFF                               8                             ---                           
SD_WP_EMMC_RSTN              Y7    Yes    MSSIO7B4                                                Bank4     LVCMOS18   Input         ---                 ---                 ---            ---                                ---                                ---              ---                 ---                 ---              ---          ---                ---                ---               ---                       ---                       ---                Up                 OFF              OFF                     OFF                     ---                 ---                  ON                   ---                                OFF                                ---                               ---                           ---                           
SDIO_SW_EN_N                 V12   Yes    MSSIO37B2                                               Bank2     LVCMOS33   Output        ---                 ---                 ---            ---                                ---                                ---              ---                 ---                 ---              ---          ---                ---                ---               ---                       ---                       ---                Up                 OFF              OFF                     OFF                     ---                 ---                  ---                  ---                                ---                                OFF                               8                             ---                           
SDIO_SW_SEL0                 W14   Yes    MSSIO30B2                                               Bank2     LVCMOS33   Output        ---                 ---                 ---            ---                                ---                                ---              ---                 ---                 ---              ---          ---                ---                ---               ---                       ---                       ---                Up                 OFF              OFF                     OFF                     ---                 ---                  ---                  ---                                ---                                OFF                               8                             ---                           
SDIO_SW_SEL1                 V11   Yes    MSSIO34B2                                               Bank2     LVCMOS33   Output        ---                 ---                 ---            ---                                ---                                ---              ---                 ---                 ---              ---          ---                ---                ---               ---                       ---                       ---                Up                 OFF              OFF                     OFF                     ---                 ---                  ---                  ---                                ---                                OFF                               8                             ---                           
SGMII_RX0_N                  Y1    Yes    MSS_SGMII_RXN0                                          Bank5     LVDS33     Input         ---                 ---                 ---            ---                                ---                                ---              ---                 ---                 ---              ---          ---                ---                ---               ---                       ---                       ---                None               ---              ---                     OFF                     100                 ---                  ---                  MID                                ---                                ---                               ---                           ---                           
SGMII_RX0_P                  W1    Yes    MSS_SGMII_RXP0                                          Bank5     LVDS33     Input         ---                 ---                 ---            ---                                ---                                ---              ---                 ---                 ---              ---          ---                ---                ---               ---                       ---                       ---                None               ---              ---                     OFF                     100                 ---                  ---                  MID                                ---                                ---                               ---                           ---                           
SGMII_RX1_N                  Y3    Yes    MSS_SGMII_RXN1                                          Bank5     LVDS33     Input         ---                 ---                 ---            ---                                ---                                ---              ---                 ---                 ---              ---          ---                ---                ---               ---                       ---                       ---                None               ---              ---                     OFF                     100                 ---                  ---                  MID                                ---                                ---                               ---                           ---                           
SGMII_RX1_P                  Y2    Yes    MSS_SGMII_RXP1                                          Bank5     LVDS33     Input         ---                 ---                 ---            ---                                ---                                ---              ---                 ---                 ---              ---          ---                ---                ---               ---                       ---                       ---                None               ---              ---                     OFF                     100                 ---                  ---                  MID                                ---                                ---                               ---                           ---                           
SGMII_TX0_N                  AA5   Yes    MSS_SGMII_TXN0                                          Bank5     LVDS33     Output        ---                 ---                 ---            ---                                ---                                ---              ---                 ---                 ---              ---          ---                ---                ---               ---                       ---                       ---                None               ---              ---                     OFF                     ---                 ---                  ---                  ---                                ---                                ---                               6                             100                           
SGMII_TX0_P                  Y5    Yes    MSS_SGMII_TXP0                                          Bank5     LVDS33     Output        ---                 ---                 ---            ---                                ---                                ---              ---                 ---                 ---              ---          ---                ---                ---               ---                       ---                       ---                None               ---              ---                     OFF                     ---                 ---                  ---                  ---                                ---                                ---                               6                             100                           
SGMII_TX1_N                  W5    Yes    MSS_SGMII_TXN1                                          Bank5     LVDS33     Output        ---                 ---                 ---            ---                                ---                                ---              ---                 ---                 ---              ---          ---                ---                ---               ---                       ---                       ---                None               ---              ---                     OFF                     ---                 ---                  ---                  ---                                ---                                ---                               6                             100                           
SGMII_TX1_P                  W4    Yes    MSS_SGMII_TXP1                                          Bank5     LVDS33     Output        ---                 ---                 ---            ---                                ---                                ---              ---                 ---                 ---              ---          ---                ---                ---               ---                       ---                       ---                None               ---              ---                     OFF                     ---                 ---                  ---                  ---                                ---                                ---                               6                             100                           
TEN                          AM5   Yes    HSIO137PB8/CLKIN_N_12/CCC_NW_CLKIN_N_12                 Bank8     HSTL12I    Output        None                No                  ON             None                               No                                 ---              ---                 ---                 50               ---          OFF                ---                50                5                         ---                       OFF                
USB_CLK                      W6    Yes    MSSIO14B2                                               Bank2     LVCMOS33   Input         ---                 ---                 ---            ---                                ---                                ---              ---                 ---                 ---              ---          ---                ---                ---               ---                       ---                       ---                Up                 OFF              OFF                     OFF                     ---                 ---                  OFF                  ---                                OFF                                ---                               ---                           ---                           
USB_DATA0                    V4    Yes    MSSIO18B2                                               Bank2     LVCMOS33   Inout         ---                 ---                 ---            ---                                ---                                ---              ---                 ---                 ---              ---          ---                ---                ---               ---                       ---                       ---                Up                 OFF              OFF                     OFF                     ---                 ---                  OFF                  ---                                OFF                                OFF                               8                             ---                           
USB_DATA1                    U5    Yes    MSSIO19B2                                               Bank2     LVCMOS33   Inout         ---                 ---                 ---            ---                                ---                                ---              ---                 ---                 ---              ---          ---                ---                ---               ---                       ---                       ---                Up                 OFF              OFF                     OFF                     ---                 ---                  OFF                  ---                                OFF                                OFF                               8                             ---                           
USB_DATA2                    W9    Yes    MSSIO20B2                                               Bank2     LVCMOS33   Inout         ---                 ---                 ---            ---                                ---                                ---              ---                 ---                 ---              ---          ---                ---                ---               ---                       ---                       ---                Up                 OFF              OFF                     OFF                     ---                 ---                  OFF                  ---                                OFF                                OFF                               8                             ---                           
USB_DATA3                    U7    Yes    MSSIO21B2                                               Bank2     LVCMOS33   Inout         ---                 ---                 ---            ---                                ---                                ---              ---                 ---                 ---              ---          ---                ---                ---               ---                       ---                       ---                Up                 OFF              OFF                     OFF                     ---                 ---                  OFF                  ---                                OFF                                OFF                               8                             ---                           
USB_DATA4                    U6    Yes    MSSIO22B2                                               Bank2     LVCMOS33   Inout         ---                 ---                 ---            ---                                ---                                ---              ---                 ---                 ---              ---          ---                ---                ---               ---                       ---                       ---                Up                 OFF              OFF                     OFF                     ---                 ---                  OFF                  ---                                OFF                                OFF                               8                             ---                           
USB_DATA5                    V7    Yes    MSSIO23B2                                               Bank2     LVCMOS33   Inout         ---                 ---                 ---            ---                                ---                                ---              ---                 ---                 ---              ---          ---                ---                ---               ---                       ---                       ---                Up                 OFF              OFF                     OFF                     ---                 ---                  OFF                  ---                                OFF                                OFF                               8                             ---                           
USB_DATA6                    V9    Yes    MSSIO24B2                                               Bank2     LVCMOS33   Inout         ---                 ---                 ---            ---                                ---                                ---              ---                 ---                 ---              ---          ---                ---                ---               ---                       ---                       ---                Up                 OFF              OFF                     OFF                     ---                 ---                  OFF                  ---                                OFF                                OFF                               8                             ---                           
USB_DATA7                    U9    Yes    MSSIO25B2                                               Bank2     LVCMOS33   Inout         ---                 ---                 ---            ---                                ---                                ---              ---                 ---                 ---              ---          ---                ---                ---               ---                       ---                       ---                Up                 OFF              OFF                     OFF                     ---                 ---                  OFF                  ---                                OFF                                OFF                               8                             ---                           
USB_DIR                      V6    Yes    MSSIO15B2                                               Bank2     LVCMOS33   Input         ---                 ---                 ---            ---                                ---                                ---              ---                 ---                 ---              ---          ---                ---                ---               ---                       ---                       ---                Up                 OFF              OFF                     OFF                     ---                 ---                  OFF                  ---                                OFF                                ---                               ---                           ---                           
USB_NXT                      W8    Yes    MSSIO16B2                                               Bank2     LVCMOS33   Input         ---                 ---                 ---            ---                                ---                                ---              ---                 ---                 ---              ---          ---                ---                ---               ---                       ---                       ---                Up                 OFF              OFF                     OFF                     ---                 ---                  OFF                  ---                                OFF                                ---                               ---                           ---                           
USB_STP                      V8    Yes    MSSIO17B2                                               Bank2     LVCMOS33   Output        ---                 ---                 ---            ---                                ---                                ---              ---                 ---                 ---              ---          ---                ---                ---               ---                       ---                       ---                Up                 OFF              OFF                     OFF                     ---                 ---                  ---                  ---                                ---                                OFF                               8                             ---                           
USB_ULPI_RESET_N             V14   Yes    MSSIO26B2                                               Bank2     LVCMOS33   Output        ---                 ---                 ---            ---                                ---                                ---              ---                 ---                 ---              ---          ---                ---                ---               ---                       ---                       ---                Up                 OFF              OFF                     OFF                     ---                 ---                  ---                  ---                                ---                                OFF                               8                             ---                           
VSC_8662_CMODE3              H12   Yes    GPIO6PB1                                                Bank1     LVCMOS33   Output        None                No                  ON             None                               No                                 ---              ---                 ---                 ---              ---          OFF                8                  ---               5                         ---                       OFF                
VSC_8662_CMODE4              G12   Yes    GPIO6NB1                                                Bank1     LVCMOS33   Output        None                No                  ON             None                               No                                 ---              ---                 ---                 ---              ---          OFF                8                  ---               5                         ---                       OFF                
VSC_8662_CMODE5              F12   Yes    GPIO7PB1                                                Bank1     LVCMOS33   Output        None                No                  ON             None                               No                                 ---              ---                 ---                 ---              ---          OFF                8                  ---               5                         ---                       OFF                
VSC_8662_CMODE6              E12   Yes    GPIO7NB1                                                Bank1     LVCMOS33   Output        None                No                  ON             None                               No                                 ---              ---                 ---                 ---              ---          OFF                8                  ---               5                         ---                       OFF                
VSC_8662_CMODE7              G14   Yes    GPIO10NB1                                               Bank1     LVCMOS33   Output        None                No                  ON             None                               No                                 ---              ---                 ---                 ---              ---          OFF                8                  ---               5                         ---                       OFF                
VSC_8662_RESETN              A8    Yes    GPIO185NB1                                              Bank1     LVCMOS33   Output        None                No                  ON             None                               No                                 ---              ---                 ---                 ---              ---          OFF                8                  ---               5                         ---                       OFF                
VSC_8662_SRESET              A7    Yes    GPIO185PB1                                              Bank1     LVCMOS33   Output        None                No                  ON             None                               No                                 ---              ---                 ---                 ---              ---          OFF                8                  ---               5                         ---                       OFF                
