********************************************************************
I/O Bank Report - Date: Thu Mar  5 13:54:36 2026
Product: Designer
Release: 2025.1
Version: 2025.1.0.14
Design Name: VKPFSOC_TOP
Family: PolarFireSoC
Die: MPFS250TS
Package: FCG1152
********************************************************************


I/O Function:

    Type                                  | w/o register  | w/ register  | w/ DDR register
    --------------------------------------|---------------|--------------|----------------
    Input I/O                             | 5             | 0            | 0
    Output I/O                            | 16            | 0            | 0
    Bidirectional I/O                     | 2             | 0            | 0
    Differential Input I/O Pairs          | 0             | 0            | 0
    Differential Output I/O Pairs         | 0             | 0            | 0

I/O Technology:

                                    |   Voltages    |             I/Os              
    --------------------------------|-------|-------|-------|--------|--------------
    I/O Standard(s)                 | Vddi  | Vref  | Input | Output | Bidirectional
    --------------------------------|-------|-------|-------|--------|--------------
    LVCMOS12                        | 1.20v | N/A   | 0     | 2      | 0            
    LVCMOS18                        | 1.80v | N/A   | 0     | 3      | 1            
    LVCMOS25                        | 2.50v | N/A   | 0     | 2      | 1            
    LVCMOS33                        | 3.30v | N/A   | 5     | 9      | 0            

I/O Bank Resource Usage:

          |   Voltages    | Single I/Os  | Diff I/O Pairs |        Vref I/Os        |  Type   
          |-------|-------|------|-------|-------|--------|------|-------|----------|---------
          | Vddi  | Vref  | Used | Total | Used  | Total  | Used | Total | Vref Pins|         
    ------|-------|-------|------|-------|-------|--------|------|-------|----------|---------
    Bank0 | 1.20v | N/A   | 2    | 84    | 0     | 42     | N/A  | N/A   | N/A      | HSIO    
    Bank1 | 3.30v | N/A   | 14   | 72    | 0     | 36     | N/A  | N/A   | N/A      | GPIO    
    Bank2 | 3.30v | N/A   | 0    | 24    | 0     | 0      | N/A  | N/A   | N/A      | MSS_IO  
    Bank3 | 3.30v | N/A   | 0    | 0     | 0     | 0      | N/A  | N/A   | N/A      | JTAG    
    Bank4 | 1.80v | N/A   | 0    | 14    | 0     | 0      | N/A  | N/A   | N/A      | MSS_IO  
    Bank5 | 3.30v | N/A   | 0    | 10    | 0     | 0      | N/A  | N/A   | N/A      | MSS_SGMII_IO
    Bank6 | 1.10v | 0.55v | 0    | 88    | 0     | 0      | 0    | 88    | 0        | MSS_DDR_IO
    Bank7 | 2.50v | N/A   | 3    | 60    | 0     | 30     | N/A  | N/A   | N/A      | GPIO    
    Bank8 | 1.80v | N/A   | 3    | 60    | 0     | 30     | N/A  | N/A   | N/A      | HSIO    
    Bank9 | 1.80v | N/A   | 1    | 96    | 0     | 48     | N/A  | N/A   | N/A      | GPIO    


I/O Voltage Usage:

       Voltages    |     I/Os     
    -------|-------|------|-------
     Vddi  | Vref  | Used | Total 
    -------|-------|------|-------
     1.10v | N/A   | 0    | 88    
     1.20v | N/A   | 2    | 84    
     1.80v | N/A   | 4    | 170   
     2.50v | N/A   | 3    | 60    
     3.30v | N/A   | 14   | 106   
     1.10v | 0.55v | 0    | 88    


I/O Bank Auto Calibration:

          | Auto Calibration | Ramp Time (ms) 
    ------| ---------------- | -------------- 
    Bank0 | ON               | 50
    Bank1 | ON               | 50
    Bank2 | N/A              | N/A
    Bank3 | N/A              | N/A
    Bank4 | N/A              | N/A
    Bank5 | N/A              | N/A
    Bank6 | N/A              | N/A
    Bank7 | ON               | 50
    Bank8 | ON               | 50
    Bank9 | ON               | 50
