{
"Synplify Pro (R) Job Log" : {
	"Date" : "14:39:45    02-Aug-2026",
	"Working Directory" : "/home/ahlemzenache/Documents/polarfire-soc-video-kit-reference-design_READ_WRITECopie/VKPFSOC_JPEG_WRITE_READ/synthesis",
	"CDPL Log file" : "-",
	"Install" : "/home/ahlemzenache/microchip/Libero_SoC_2025.1/Libero_SoC/Synplify_Pro"
},
"synthesis" :{
   "Job Flow" : "Sequential",
   "Start Time" : "14:37:27",
   "Runtime" : "02m:18s",
   "Executable Run Time" : "02m:16s",
   "synthesis" : {
      "Job Flow" : "Sequential",
      "Start Time" : "14:37:27",
      "Runtime" : "02m:18s",
      "Executable Run Time" : "02m:16s",
      "compile" : {
         "Job Flow" : "Sequential",
         "Start Time" : "14:37:27",
         "Runtime" : "01m:11s",
         "Executable Run Time" : "01m:10s",
         "compile_flow" : {
            "Job Flow" : "Sequential",
            "Start Time" : "14:37:27",
            "Runtime" : "56s",
            "Executable Run Time" : "55s",
            "compiler" : {
               "executable" : "bin/c_hdl",
               "Run Directory" : "/home/ahlemzenache/Documents/polarfire-soc-video-kit-reference-design_READ_WRITECopie/VKPFSOC_JPEG_WRITE_READ/synthesis",
               "Run State" : "Complete",
               "Return Code" : "0",
               "Has Errors" : "no",
               "Run Start Time" : "14:37:27",
               "Run Time" : "54s",
               "Exe Run Time" : "53s",
               "Memory Usage" : "2.812000",
               "CDPL" : "off",
               "Up-to-date (run skipped)" : "no"
            },
            "multi_srs_gen" : {
               "executable" : "bin/syn_nfilter",
               "Run Directory" : "/home/ahlemzenache/Documents/polarfire-soc-video-kit-reference-design_READ_WRITECopie/VKPFSOC_JPEG_WRITE_READ/synthesis",
               "Run State" : "Complete",
               "Return Code" : "0",
               "Has Errors" : "no",
               "Run Start Time" : "14:38:21",
               "Run Time" : "02s",
               "Exe Run Time" : "02s",
               "Memory Usage" : "2.812000",
               "CDPL" : "off",
               "Up-to-date (run skipped)" : "no"
            }
         },
         "premap" : {
            "executable" : "bin/m_generic",
            "Run Directory" : "/home/ahlemzenache/Documents/polarfire-soc-video-kit-reference-design_READ_WRITECopie/VKPFSOC_JPEG_WRITE_READ/synthesis",
            "Run State" : "Complete",
            "Return Code" : "1",
            "Has Errors" : "no",
            "Run Start Time" : "14:38:23",
            "Run Time" : "15s",
            "Exe Run Time" : "15s",
            "Memory Usage" : "2.816000",
            "CDPL" : "off",
            "Up-to-date (run skipped)" : "no"
         }
      },
      "map" : {
         "Job Flow" : "Sequential",
         "Start Time" : "14:38:39",
         "Runtime" : "01m:06s",
         "Executable Run Time" : "01m:06s",
         "fpga_mapper" : {
            "executable" : "bin/m_generic",
            "Run Directory" : "/home/ahlemzenache/Documents/polarfire-soc-video-kit-reference-design_READ_WRITECopie/VKPFSOC_JPEG_WRITE_READ/synthesis",
            "Run State" : "Complete",
            "Return Code" : "1",
            "Has Errors" : "no",
            "Run Start Time" : "14:38:39",
            "Run Time" : "01m:06s",
            "Exe Run Time" : "01m:06s",
            "Memory Usage" : "2.816000",
            "CDPL" : "off",
            "Up-to-date (run skipped)" : "no"
         }
      }
   }
}
}