
Copyright (C) 1994-2023 Synopsys, Inc.
This Synopsys software and all associated documentation are proprietary to Synopsys, Inc.
and may only be used pursuant to the terms and conditions of a written license agreement
with Synopsys, Inc. All other use, reproduction, modification, or distribution of the
Synopsys software or the associated documentation is strictly prohibited.
Tool: Synplify Pro (R)
Build: V-2023.09M-5
Install: /home/ahlemzenache/microchip/Libero_SoC_2025.1/Libero_SoC/Synplify_Pro
OS: Ubuntu 24.04.4 LTS
Hostname: IO-ALG-LT003
max virtual memory: unlimited (bytes)
max user processes: 53555
max stack size: 8388608 (bytes)


Implementation : synthesis

# Written on Sun Aug  2 14:38:38 2026

##### DESIGN INFO #######################################################

Top View:                "VKPFSOC_TOP"
Constraint File(s):      "/home/ahlemzenache/Documents/polarfire-soc-video-kit-reference-design_READ_WRITECopie/VKPFSOC_JPEG_WRITE_READ/designer/VKPFSOC_TOP/synthesis.fdc"




##### SUMMARY ############################################################

Found 38 issues in 38 out of 67 constraints


##### DETAILS ############################################################



Clock Relationships
*******************

Starting                                                                     Ending                                                               |     rise to rise     |     fall to fall     |     rise to fall     |     fall to rise                     
-------------------------------------------------------------------------------------------------------------------------------------------------------------------------------------------------------------------------------------------------------------
System                                                                       CLOCKS_AND_RESETS_inst_0/PF_CCC_C0_0/PF_CCC_C0_0/pll_inst_0/OUT0     |     8.000            |     No paths         |     No paths         |     No paths                         
System                                                                       CLOCKS_AND_RESETS_inst_0/PF_CCC_C0_0/PF_CCC_C0_0/pll_inst_0/OUT1     |     20.000           |     No paths         |     No paths         |     No paths                         
System                                                                       PF_DDR4_C0_0/CCC_0/pll_inst_0/OUT1                                   |     20.000           |     No paths         |     No paths         |     No paths                         
System                                                                       PF_DDR4_C0_0/CCC_0/pll_inst_0/OUT2                                   |     5.000            |     No paths         |     No paths         |     No paths                         
System                                                                       PF_DDR4_C0_0/CCC_0/pll_inst_0/OUT3                                   |     5.000            |     No paths         |     No paths         |     No paths                         
CLOCKS_AND_RESETS_inst_0/PF_CCC_C0_0/PF_CCC_C0_0/pll_inst_0/OUT0             CLOCKS_AND_RESETS_inst_0/PF_CCC_C0_0/PF_CCC_C0_0/pll_inst_0/OUT0     |     8.000            |     No paths         |     No paths         |     No paths                         
CLOCKS_AND_RESETS_inst_0/PF_CCC_C0_0/PF_CCC_C0_0/pll_inst_0/OUT0             CLOCKS_AND_RESETS_inst_0/PF_CCC_C0_0/PF_CCC_C0_0/pll_inst_0/OUT1     |     4.000            |     No paths         |     No paths         |     No paths                         
CLOCKS_AND_RESETS_inst_0/PF_CCC_C0_0/PF_CCC_C0_0/pll_inst_0/OUT0             PF_DDR4_C0_0/CCC_0/pll_inst_0/OUT1                                   |     4.000            |     No paths         |     No paths         |     No paths                         
CLOCKS_AND_RESETS_inst_0/PF_CCC_C0_0/PF_CCC_C0_0/pll_inst_0/OUT1             CLOCKS_AND_RESETS_inst_0/PF_CCC_C0_0/PF_CCC_C0_0/pll_inst_0/OUT0     |     4.000            |     No paths         |     No paths         |     No paths                         
CLOCKS_AND_RESETS_inst_0/PF_CCC_C0_0/PF_CCC_C0_0/pll_inst_0/OUT1             CLOCKS_AND_RESETS_inst_0/PF_CCC_C0_0/PF_CCC_C0_0/pll_inst_0/OUT1     |     20.000           |     No paths         |     No paths         |     No paths                         
CLOCKS_AND_RESETS_inst_0/PF_CCC_C0_0/PF_CCC_C0_0/pll_inst_0/OUT1             PF_DDR4_C0_0/CCC_0/pll_inst_0/OUT1                                   |     20.000           |     No paths         |     No paths         |     No paths                         
PF_DDR4_C0_0/CCC_0/pll_inst_0/OUT1                                           System                                                               |     20.000           |     No paths         |     No paths         |     No paths                         
PF_DDR4_C0_0/CCC_0/pll_inst_0/OUT1                                           CLOCKS_AND_RESETS_inst_0/PF_CCC_C0_0/PF_CCC_C0_0/pll_inst_0/OUT0     |     4.000            |     No paths         |     No paths         |     No paths                         
PF_DDR4_C0_0/CCC_0/pll_inst_0/OUT1                                           PF_DDR4_C0_0/CCC_0/pll_inst_0/OUT1                                   |     20.000           |     No paths         |     No paths         |     No paths                         
PF_DDR4_C0_0/CCC_0/pll_inst_0/OUT1                                           PF_DDR4_C0_0/CCC_0/pll_inst_0/OUT2                                   |     5.000            |     No paths         |     No paths         |     No paths                         
PF_DDR4_C0_0/CCC_0/pll_inst_0/OUT1                                           PF_DDR4_C0_0/CCC_0/pll_inst_0/OUT3                                   |     5.000            |     No paths         |     No paths         |     No paths                         
PF_DDR4_C0_0/CCC_0/pll_inst_0/OUT1                                           COREDDR_TIP_INT_Z60_layer0|VCO_PHSEL_ROTATE_inferred_clock[0]        |     Diff grp         |     No paths         |     No paths         |     No paths                         
PF_DDR4_C0_0/CCC_0/pll_inst_0/OUT2                                           System                                                               |     5.000            |     No paths         |     No paths         |     No paths                         
PF_DDR4_C0_0/CCC_0/pll_inst_0/OUT2                                           PF_DDR4_C0_0/CCC_0/pll_inst_0/OUT1                                   |     5.000            |     No paths         |     No paths         |     No paths                         
PF_DDR4_C0_0/CCC_0/pll_inst_0/OUT2                                           PF_DDR4_C0_0/CCC_0/pll_inst_0/OUT2                                   |     5.000            |     No paths         |     No paths         |     No paths                         
PF_DDR4_C0_0/CCC_0/pll_inst_0/OUT2                                           PF_DDR4_C0_0/CCC_0/pll_inst_0/OUT3                                   |     5.000            |     No paths         |     No paths         |     No paths                         
PF_DDR4_C0_DDRPHY_BLK_LANE_1_CTRL_PF_LANECTRL|N_3_inferred_clock             System                                                               |     10.000           |     No paths         |     No paths         |     No paths                         
PF_DDR4_C0_DDRPHY_BLK_LANE_1_CTRL_PF_LANECTRL|N_3_inferred_clock             PF_DDR4_C0_0/CCC_0/pll_inst_0/OUT1                                   |     Diff grp         |     No paths         |     No paths         |     No paths                         
PF_DDR4_C0_DDRPHY_BLK_LANE_1_CTRL_PF_LANECTRL|N_3_inferred_clock             PF_DDR4_C0_0/CCC_0/pll_inst_0/OUT2                                   |     Diff grp         |     No paths         |     No paths         |     No paths                         
PF_DDR4_C0_DDRPHY_BLK_LANE_1_CTRL_PF_LANECTRL|N_3_inferred_clock             PF_DDR4_C0_0/CCC_0/pll_inst_0/OUT3                                   |     Diff grp         |     No paths         |     No paths         |     No paths                         
PF_DDR4_C0_DDRPHY_BLK_LANE_1_CTRL_PF_LANECTRL|TX_DQS_270_inferred_clock      System                                                               |     10.000           |     No paths         |     No paths         |     No paths                         
PF_DDR4_C0_DDRPHY_BLK_LANE_0_CTRL_PF_LANECTRL|N_3_inferred_clock             System                                                               |     10.000           |     No paths         |     No paths         |     No paths                         
PF_DDR4_C0_DDRPHY_BLK_LANE_0_CTRL_PF_LANECTRL|N_3_inferred_clock             PF_DDR4_C0_0/CCC_0/pll_inst_0/OUT1                                   |     Diff grp         |     No paths         |     No paths         |     No paths                         
PF_DDR4_C0_DDRPHY_BLK_LANE_0_CTRL_PF_LANECTRL|N_3_inferred_clock             PF_DDR4_C0_0/CCC_0/pll_inst_0/OUT2                                   |     Diff grp         |     No paths         |     No paths         |     No paths                         
PF_DDR4_C0_DDRPHY_BLK_LANE_0_CTRL_PF_LANECTRL|N_3_inferred_clock             PF_DDR4_C0_0/CCC_0/pll_inst_0/OUT3                                   |     Diff grp         |     No paths         |     No paths         |     No paths                         
PF_DDR4_C0_DDRPHY_BLK_LANE_0_CTRL_PF_LANECTRL|TX_DQS_270_inferred_clock      System                                                               |     10.000           |     No paths         |     No paths         |     No paths                         
PF_DDR4_C0_DDRPHY_BLK_LANECTRL_ADDR_CMD_0_PF_LANECTRL|N_3_inferred_clock     System                                                               |     10.000           |     No paths         |     No paths         |     No paths                         
=============================================================================================================================================================================================================================================================
 Note: 'No paths' indicates there are no paths in the design for that pair of clock edges.
       'Diff grp' indicates that paths exist but the starting clock and ending clock are in different clock groups.


Unconstrained Start/End Points
******************************

p:ACT_N
p:A[0]
p:A[1]
p:A[2]
p:A[3]
p:A[4]
p:A[5]
p:A[6]
p:A[7]
p:A[8]
p:A[9]
p:A[10]
p:A[11]
p:A[12]
p:A[13]
p:BA[0]
p:BA[1]
p:BG[0]
p:BG[1]
p:CAM1_RST
p:CAM1_SCL (bidir end point)
p:CAM1_SCL (bidir start point)
p:CAM1_SDA (bidir end point)
p:CAM1_SDA (bidir start point)
p:CAM_CLK_EN
p:CAS_N
p:CA[0]
p:CA[1]
p:CA[2]
p:CA[3]
p:CA[4]
p:CA[5]
p:CK
p:CK0
p:CK0_N
p:CKE
p:CKE_0
p:CK_N
p:CS
p:CS_N
p:DM[0]
p:DM[1]
p:DM[2]
p:DM[3]
p:DM_N[0]
p:DM_N[1]
p:DQS[0] (bidir end point)
p:DQS[0] (bidir start point)
p:DQS[1] (bidir end point)
p:DQS[1] (bidir start point)
p:DQS[2] (bidir end point)
p:DQS[2] (bidir start point)
p:DQS[3] (bidir end point)
p:DQS[3] (bidir start point)
p:DQS_0[0] (bidir end point)
p:DQS_0[0] (bidir start point)
p:DQS_0[1] (bidir end point)
p:DQS_0[1] (bidir start point)
p:DQS_N[0] (bidir end point)
p:DQS_N[0] (bidir start point)
p:DQS_N[1] (bidir end point)
p:DQS_N[1] (bidir start point)
p:DQS_N[2] (bidir end point)
p:DQS_N[2] (bidir start point)
p:DQS_N[3] (bidir end point)
p:DQS_N[3] (bidir start point)
p:DQS_N_0[0] (bidir end point)
p:DQS_N_0[0] (bidir start point)
p:DQS_N_0[1] (bidir end point)
p:DQS_N_0[1] (bidir start point)
p:DQ[0] (bidir end point)
p:DQ[0] (bidir start point)
p:DQ[1] (bidir end point)
p:DQ[1] (bidir start point)
p:DQ[2] (bidir end point)
p:DQ[2] (bidir start point)
p:DQ[3] (bidir end point)
p:DQ[3] (bidir start point)
p:DQ[4] (bidir end point)
p:DQ[4] (bidir start point)
p:DQ[5] (bidir end point)
p:DQ[5] (bidir start point)
p:DQ[6] (bidir end point)
p:DQ[6] (bidir start point)
p:DQ[7] (bidir end point)
p:DQ[7] (bidir start point)
p:DQ[8] (bidir end point)
p:DQ[8] (bidir start point)
p:DQ[9] (bidir end point)
p:DQ[9] (bidir start point)
p:DQ[10] (bidir end point)
p:DQ[10] (bidir start point)
p:DQ[11] (bidir end point)
p:DQ[11] (bidir start point)
p:DQ[12] (bidir end point)
p:DQ[12] (bidir start point)
p:DQ[13] (bidir end point)
p:DQ[13] (bidir start point)
p:DQ[14] (bidir end point)
p:DQ[14] (bidir start point)
p:DQ[15] (bidir end point)
p:DQ[15] (bidir start point)
p:DQ[16] (bidir end point)
p:DQ[16] (bidir start point)
p:DQ[17] (bidir end point)
p:DQ[17] (bidir start point)
p:DQ[18] (bidir end point)
p:DQ[18] (bidir start point)
p:DQ[19] (bidir end point)
p:DQ[19] (bidir start point)
p:DQ[20] (bidir end point)
p:DQ[20] (bidir start point)
p:DQ[21] (bidir end point)
p:DQ[21] (bidir start point)
p:DQ[22] (bidir end point)
p:DQ[22] (bidir start point)
p:DQ[23] (bidir end point)
p:DQ[23] (bidir start point)
p:DQ[24] (bidir end point)
p:DQ[24] (bidir start point)
p:DQ[25] (bidir end point)
p:DQ[25] (bidir start point)
p:DQ[26] (bidir end point)
p:DQ[26] (bidir start point)
p:DQ[27] (bidir end point)
p:DQ[27] (bidir start point)
p:DQ[28] (bidir end point)
p:DQ[28] (bidir start point)
p:DQ[29] (bidir end point)
p:DQ[29] (bidir start point)
p:DQ[30] (bidir end point)
p:DQ[30] (bidir start point)
p:DQ[31] (bidir end point)
p:DQ[31] (bidir start point)
p:DQ_0[0] (bidir end point)
p:DQ_0[0] (bidir start point)
p:DQ_0[1] (bidir end point)
p:DQ_0[1] (bidir start point)
p:DQ_0[2] (bidir end point)
p:DQ_0[2] (bidir start point)
p:DQ_0[3] (bidir end point)
p:DQ_0[3] (bidir start point)
p:DQ_0[4] (bidir end point)
p:DQ_0[4] (bidir start point)
p:DQ_0[5] (bidir end point)
p:DQ_0[5] (bidir start point)
p:DQ_0[6] (bidir end point)
p:DQ_0[6] (bidir start point)
p:DQ_0[7] (bidir end point)
p:DQ_0[7] (bidir start point)
p:DQ_0[8] (bidir end point)
p:DQ_0[8] (bidir start point)
p:DQ_0[9] (bidir end point)
p:DQ_0[9] (bidir start point)
p:DQ_0[10] (bidir end point)
p:DQ_0[10] (bidir start point)
p:DQ_0[11] (bidir end point)
p:DQ_0[11] (bidir start point)
p:DQ_0[12] (bidir end point)
p:DQ_0[12] (bidir start point)
p:DQ_0[13] (bidir end point)
p:DQ_0[13] (bidir start point)
p:DQ_0[14] (bidir end point)
p:DQ_0[14] (bidir start point)
p:DQ_0[15] (bidir end point)
p:DQ_0[15] (bidir start point)
p:LED2
p:LED3
p:MAC_0_MDC
p:MAC_0_MDIO (bidir end point)
p:MAC_0_MDIO (bidir start point)
p:MMUART_0_RXD_F2M
p:MMUART_0_TXD_M2F
p:MMUART_1_RXD_F2M
p:MMUART_1_TXD_M2F
p:ODT
p:ODT_0
p:RAS_N
p:REFCLK
p:REFCLK_N
p:REF_CLK_PAD_N
p:RESET_N
p:RESET_N_0
p:SDIO_SW_EN_N
p:SDIO_SW_SEL0
p:SDIO_SW_SEL1
p:SD_CD_EMMC_STRB
p:SD_CLK_EMMC_CLK
p:SD_CMD_EMMC_CMD (bidir end point)
p:SD_CMD_EMMC_CMD (bidir start point)
p:SD_DATA0_EMMC_DATA0 (bidir end point)
p:SD_DATA0_EMMC_DATA0 (bidir start point)
p:SD_DATA1_EMMC_DATA1 (bidir end point)
p:SD_DATA1_EMMC_DATA1 (bidir start point)
p:SD_DATA2_EMMC_DATA2 (bidir end point)
p:SD_DATA2_EMMC_DATA2 (bidir start point)
p:SD_DATA3_EMMC_DATA3 (bidir end point)
p:SD_DATA3_EMMC_DATA3 (bidir start point)
p:SD_POW_EMMC_DATA4
p:SD_VOLT_CMD_DIR_EMMC_DATA7
p:SD_VOLT_DIR_0_EMMC_UNUSED
p:SD_VOLT_DIR_1_3_EMMC_UNUSED
p:SD_VOLT_EN_EMMC_DATA6
p:SD_VOLT_SEL_EMMC_DATA5
p:SD_WP_EMMC_RSTN
p:SGMII_RX0_N
p:SGMII_RX0_P
p:SGMII_RX1_N
p:SGMII_RX1_P
p:SGMII_TX0_N
p:SGMII_TX0_P
p:SGMII_TX1_N
p:SGMII_TX1_P
p:SHIELD0
p:SHIELD1
p:TEN
p:USB_CLK
p:USB_DATA0 (bidir end point)
p:USB_DATA0 (bidir start point)
p:USB_DATA1 (bidir end point)
p:USB_DATA1 (bidir start point)
p:USB_DATA2 (bidir end point)
p:USB_DATA2 (bidir start point)
p:USB_DATA3 (bidir end point)
p:USB_DATA3 (bidir start point)
p:USB_DATA4 (bidir end point)
p:USB_DATA4 (bidir start point)
p:USB_DATA5 (bidir end point)
p:USB_DATA5 (bidir start point)
p:USB_DATA6 (bidir end point)
p:USB_DATA6 (bidir start point)
p:USB_DATA7 (bidir end point)
p:USB_DATA7 (bidir start point)
p:USB_DIR
p:USB_NXT
p:USB_STP
p:USB_ULPI_RESET_N
p:VSC_8662_CMODE3
p:VSC_8662_CMODE4
p:VSC_8662_CMODE5
p:VSC_8662_CMODE6
p:VSC_8662_CMODE7
p:VSC_8662_RESETN
p:VSC_8662_SRESET
p:WE_N
p:apb_pin
p:cam1inck
p:cam1xmaster


Inapplicable constraints
************************

set_multicycle_path -setup_only 2 -from [get_cells { PF_DDR4_C0_0.DDRPHY_BLK_0.IOD_TRAINING_0.COREDDR_TIP_INT_U.TIP_CTRL_BLK.u_write_callibrator.select* }]
	@E:MF1028:"/home/ahlemzenache/Documents/polarfire-soc-video-kit-reference-design_READ_WRITECopie/VKPFSOC_JPEG_WRITE_READ/designer/VKPFSOC_TOP/synthesis.fdc":63:0:63:0|Parameter "-setup_only" is not valid.
	@N:Z112:"/home/ahlemzenache/Documents/polarfire-soc-video-kit-reference-design_READ_WRITECopie/VKPFSOC_JPEG_WRITE_READ/designer/VKPFSOC_TOP/synthesis.fdc":63:0:63:0|Constraint will be disabled.

Applicable constraints with issues
**********************************

set_false_path -through [get_pins { PF_DDR4_C0_0.DDRPHY_BLK_0.*.I_IOD_*.DELAY_LINE_OUT_OF_RANGE }]
	@W::"/home/ahlemzenache/Documents/polarfire-soc-video-kit-reference-design_READ_WRITECopie/VKPFSOC_JPEG_WRITE_READ/designer/VKPFSOC_TOP/synthesis.fdc":20:0:20:0|Timing constraint (through [get_pins { PF_DDR4_C0_0.DDRPHY_BLK_0.*.I_IOD_*.DELAY_LINE_OUT_OF_RANGE }]) (false path) was not applied to the design because none of the paths specified by the constraint exist in the design
set_false_path -to [get_pins { PF_DDR4_C0_0.CCC_0.pll_inst_0.PHASE_OUT0_SEL }]
	@W::"/home/ahlemzenache/Documents/polarfire-soc-video-kit-reference-design_READ_WRITECopie/VKPFSOC_JPEG_WRITE_READ/designer/VKPFSOC_TOP/synthesis.fdc":60:0:60:0|Timing constraint (to [get_pins { PF_DDR4_C0_0.CCC_0.pll_inst_0.PHASE_OUT0_SEL }]) (false path) was not applied to the design because no matching path was synchronous
set_false_path -to [get_pins { PF_DDR4_C0_0.CCC_0.pll_inst_0.PHASE_OUT2_SEL }]
	@W::"/home/ahlemzenache/Documents/polarfire-soc-video-kit-reference-design_READ_WRITECopie/VKPFSOC_JPEG_WRITE_READ/designer/VKPFSOC_TOP/synthesis.fdc":61:0:61:0|Timing constraint (to [get_pins { PF_DDR4_C0_0.CCC_0.pll_inst_0.PHASE_OUT2_SEL }]) (false path) was not applied to the design because no matching path was synchronous
set_false_path -to [get_pins { PF_DDR4_C0_0.CCC_0.pll_inst_0.PHASE_OUT3_SEL }]
	@W::"/home/ahlemzenache/Documents/polarfire-soc-video-kit-reference-design_READ_WRITECopie/VKPFSOC_JPEG_WRITE_READ/designer/VKPFSOC_TOP/synthesis.fdc":62:0:62:0|Timing constraint (to [get_pins { PF_DDR4_C0_0.CCC_0.pll_inst_0.PHASE_OUT3_SEL }]) (false path) was not applied to the design because no matching path was synchronous
set_false_path -to [get_pins { PF_DDR4_C0_0.DDRPHY_BLK_0.*.I_IOD_*.ARST_N }]
	@W::"/home/ahlemzenache/Documents/polarfire-soc-video-kit-reference-design_READ_WRITECopie/VKPFSOC_JPEG_WRITE_READ/designer/VKPFSOC_TOP/synthesis.fdc":15:0:15:0|Timing constraint (to [get_pins { PF_DDR4_C0_0.DDRPHY_BLK_0.*.I_IOD_*.ARST_N }]) (false path) was not applied to the design because none of the paths specified by the constraint exist in the design
set_false_path -to [get_pins { PF_DDR4_C0_0.DDRPHY_BLK_0.*.I_IOD_*.DELAY_LINE_MOVE }]
	@W::"/home/ahlemzenache/Documents/polarfire-soc-video-kit-reference-design_READ_WRITECopie/VKPFSOC_JPEG_WRITE_READ/designer/VKPFSOC_TOP/synthesis.fdc":19:0:19:0|Timing constraint (to [get_pins { PF_DDR4_C0_0.DDRPHY_BLK_0.*.I_IOD_*.DELAY_LINE_MOVE }]) (false path) was not applied to the design because none of the paths specified by the constraint exist in the design
set_false_path -to [get_pins { PF_DDR4_C0_0.DDRPHY_BLK_0.*.I_IOD_*.RX_SYNC_RST* }]
	@W::"/home/ahlemzenache/Documents/polarfire-soc-video-kit-reference-design_READ_WRITECopie/VKPFSOC_JPEG_WRITE_READ/designer/VKPFSOC_TOP/synthesis.fdc":18:0:18:0|Timing constraint (to [get_pins { PF_DDR4_C0_0.DDRPHY_BLK_0.*.I_IOD_*.RX_SYNC_RST* }]) (false path) was not applied to the design because none of the paths specified by the constraint exist in the design
set_false_path -to [get_pins { PF_DDR4_C0_0.DDRPHY_BLK_0.LANECTRL_ADDR_CMD_0.I_LANECTRL*.HS_IO_CLK_PAUSE }]
	@W::"/home/ahlemzenache/Documents/polarfire-soc-video-kit-reference-design_READ_WRITECopie/VKPFSOC_JPEG_WRITE_READ/designer/VKPFSOC_TOP/synthesis.fdc":17:0:17:0|Timing constraint (to [get_pins { PF_DDR4_C0_0.DDRPHY_BLK_0.LANECTRL_ADDR_CMD_0.I_LANECTRL*.HS_IO_CLK_PAUSE }]) (false path) was not applied to the design because none of the paths specified by the constraint exist in the design
set_false_path -to [get_pins { PF_DDR4_C0_0.DDRPHY_BLK_0.LANE_*_CTRL.I_LANECTRL.HS_IO_CLK_PAUSE }]
	@W::"/home/ahlemzenache/Documents/polarfire-soc-video-kit-reference-design_READ_WRITECopie/VKPFSOC_JPEG_WRITE_READ/designer/VKPFSOC_TOP/synthesis.fdc":16:0:16:0|Timing constraint (to [get_pins { PF_DDR4_C0_0.DDRPHY_BLK_0.LANE_*_CTRL.I_LANECTRL.HS_IO_CLK_PAUSE }]) (false path) was not applied to the design because none of the paths specified by the constraint exist in the design
set_false_path -to [get_pins { PF_DDR4_C0_0.DDRPHY_BLK_0.LANE_0_CTRL.I_LANECTRL.DELAY_LINE_DIRECTION }]
	@W::"/home/ahlemzenache/Documents/polarfire-soc-video-kit-reference-design_READ_WRITECopie/VKPFSOC_JPEG_WRITE_READ/designer/VKPFSOC_TOP/synthesis.fdc":23:0:23:0|Timing constraint (to [get_pins { PF_DDR4_C0_0.DDRPHY_BLK_0.LANE_0_CTRL.I_LANECTRL.DELAY_LINE_DIRECTION }]) (false path) was not applied to the design because none of the paths specified by the constraint exist in the design
set_false_path -to [get_pins { PF_DDR4_C0_0.DDRPHY_BLK_0.LANE_0_CTRL.I_LANECTRL.DELAY_LINE_LOAD PF_DDR4_C0_0.DDRPHY_BLK_0.LANE_0_CTRL.I_LANECTRL.DELAY_LINE_SEL }]
	@W::"/home/ahlemzenache/Documents/polarfire-soc-video-kit-reference-design_READ_WRITECopie/VKPFSOC_JPEG_WRITE_READ/designer/VKPFSOC_TOP/synthesis.fdc":25:0:25:0|Timing constraint (to [get_pins { PF_DDR4_C0_0.DDRPHY_BLK_0.LANE_0_CTRL.I_LANECTRL.DELAY_LINE_LOAD PF_DDR4_C0_0.DDRPHY_BLK_0.LANE_0_CTRL.I_LANECTRL.DELAY_LINE_SEL }]) (false path) was not applied to the design because none of the paths specified by the constraint exist in the design
set_false_path -to [get_pins { PF_DDR4_C0_0.DDRPHY_BLK_0.LANE_0_CTRL.I_LANECTRL.DELAY_LINE_MOVE }]
	@W::"/home/ahlemzenache/Documents/polarfire-soc-video-kit-reference-design_READ_WRITECopie/VKPFSOC_JPEG_WRITE_READ/designer/VKPFSOC_TOP/synthesis.fdc":24:0:24:0|Timing constraint (to [get_pins { PF_DDR4_C0_0.DDRPHY_BLK_0.LANE_0_CTRL.I_LANECTRL.DELAY_LINE_MOVE }]) (false path) was not applied to the design because none of the paths specified by the constraint exist in the design
set_false_path -to [get_pins { PF_DDR4_C0_0.DDRPHY_BLK_0.LANE_0_CTRL.I_LANECTRL.DLL_CODE[0] }]
	@W::"/home/ahlemzenache/Documents/polarfire-soc-video-kit-reference-design_READ_WRITECopie/VKPFSOC_JPEG_WRITE_READ/designer/VKPFSOC_TOP/synthesis.fdc":28:0:28:0|Timing constraint (to [get_pins { PF_DDR4_C0_0.DDRPHY_BLK_0.LANE_0_CTRL.I_LANECTRL.DLL_CODE[0] }]) (false path) was not applied to the design because none of the paths specified by the constraint exist in the design
set_false_path -to [get_pins { PF_DDR4_C0_0.DDRPHY_BLK_0.LANE_0_CTRL.I_LANECTRL.DLL_CODE[1] }]
	@W::"/home/ahlemzenache/Documents/polarfire-soc-video-kit-reference-design_READ_WRITECopie/VKPFSOC_JPEG_WRITE_READ/designer/VKPFSOC_TOP/synthesis.fdc":29:0:29:0|Timing constraint (to [get_pins { PF_DDR4_C0_0.DDRPHY_BLK_0.LANE_0_CTRL.I_LANECTRL.DLL_CODE[1] }]) (false path) was not applied to the design because none of the paths specified by the constraint exist in the design
set_false_path -to [get_pins { PF_DDR4_C0_0.DDRPHY_BLK_0.LANE_0_CTRL.I_LANECTRL.DLL_CODE[2] }]
	@W::"/home/ahlemzenache/Documents/polarfire-soc-video-kit-reference-design_READ_WRITECopie/VKPFSOC_JPEG_WRITE_READ/designer/VKPFSOC_TOP/synthesis.fdc":30:0:30:0|Timing constraint (to [get_pins { PF_DDR4_C0_0.DDRPHY_BLK_0.LANE_0_CTRL.I_LANECTRL.DLL_CODE[2] }]) (false path) was not applied to the design because none of the paths specified by the constraint exist in the design
set_false_path -to [get_pins { PF_DDR4_C0_0.DDRPHY_BLK_0.LANE_0_CTRL.I_LANECTRL.DLL_CODE[3] }]
	@W::"/home/ahlemzenache/Documents/polarfire-soc-video-kit-reference-design_READ_WRITECopie/VKPFSOC_JPEG_WRITE_READ/designer/VKPFSOC_TOP/synthesis.fdc":31:0:31:0|Timing constraint (to [get_pins { PF_DDR4_C0_0.DDRPHY_BLK_0.LANE_0_CTRL.I_LANECTRL.DLL_CODE[3] }]) (false path) was not applied to the design because none of the paths specified by the constraint exist in the design
set_false_path -to [get_pins { PF_DDR4_C0_0.DDRPHY_BLK_0.LANE_0_CTRL.I_LANECTRL.DLL_CODE[4] }]
	@W::"/home/ahlemzenache/Documents/polarfire-soc-video-kit-reference-design_READ_WRITECopie/VKPFSOC_JPEG_WRITE_READ/designer/VKPFSOC_TOP/synthesis.fdc":32:0:32:0|Timing constraint (to [get_pins { PF_DDR4_C0_0.DDRPHY_BLK_0.LANE_0_CTRL.I_LANECTRL.DLL_CODE[4] }]) (false path) was not applied to the design because none of the paths specified by the constraint exist in the design
set_false_path -to [get_pins { PF_DDR4_C0_0.DDRPHY_BLK_0.LANE_0_CTRL.I_LANECTRL.DLL_CODE[5] }]
	@W::"/home/ahlemzenache/Documents/polarfire-soc-video-kit-reference-design_READ_WRITECopie/VKPFSOC_JPEG_WRITE_READ/designer/VKPFSOC_TOP/synthesis.fdc":33:0:33:0|Timing constraint (to [get_pins { PF_DDR4_C0_0.DDRPHY_BLK_0.LANE_0_CTRL.I_LANECTRL.DLL_CODE[5] }]) (false path) was not applied to the design because none of the paths specified by the constraint exist in the design
set_false_path -to [get_pins { PF_DDR4_C0_0.DDRPHY_BLK_0.LANE_0_CTRL.I_LANECTRL.DLL_CODE[6] }]
	@W::"/home/ahlemzenache/Documents/polarfire-soc-video-kit-reference-design_READ_WRITECopie/VKPFSOC_JPEG_WRITE_READ/designer/VKPFSOC_TOP/synthesis.fdc":34:0:34:0|Timing constraint (to [get_pins { PF_DDR4_C0_0.DDRPHY_BLK_0.LANE_0_CTRL.I_LANECTRL.DLL_CODE[6] }]) (false path) was not applied to the design because none of the paths specified by the constraint exist in the design
set_false_path -to [get_pins { PF_DDR4_C0_0.DDRPHY_BLK_0.LANE_0_CTRL.I_LANECTRL.DLL_CODE[7] }]
	@W::"/home/ahlemzenache/Documents/polarfire-soc-video-kit-reference-design_READ_WRITECopie/VKPFSOC_JPEG_WRITE_READ/designer/VKPFSOC_TOP/synthesis.fdc":35:0:35:0|Timing constraint (to [get_pins { PF_DDR4_C0_0.DDRPHY_BLK_0.LANE_0_CTRL.I_LANECTRL.DLL_CODE[7] }]) (false path) was not applied to the design because none of the paths specified by the constraint exist in the design
set_false_path -to [get_pins { PF_DDR4_C0_0.DDRPHY_BLK_0.LANE_0_CTRL.I_LANECTRL.READ_CLK_SEL[2] }]
	@W::"/home/ahlemzenache/Documents/polarfire-soc-video-kit-reference-design_READ_WRITECopie/VKPFSOC_JPEG_WRITE_READ/designer/VKPFSOC_TOP/synthesis.fdc":27:0:27:0|Timing constraint (to [get_pins { PF_DDR4_C0_0.DDRPHY_BLK_0.LANE_0_CTRL.I_LANECTRL.READ_CLK_SEL[2] }]) (false path) was not applied to the design because none of the paths specified by the constraint exist in the design
set_false_path -to [get_pins { PF_DDR4_C0_0.DDRPHY_BLK_0.LANE_0_CTRL.I_LANECTRL.RESET }]
	@W::"/home/ahlemzenache/Documents/polarfire-soc-video-kit-reference-design_READ_WRITECopie/VKPFSOC_JPEG_WRITE_READ/designer/VKPFSOC_TOP/synthesis.fdc":22:0:22:0|Timing constraint (to [get_pins { PF_DDR4_C0_0.DDRPHY_BLK_0.LANE_0_CTRL.I_LANECTRL.RESET }]) (false path) was not applied to the design because none of the paths specified by the constraint exist in the design
set_false_path -to [get_pins { PF_DDR4_C0_0.DDRPHY_BLK_0.LANE_0_CTRL.I_LANECTRL.SWITCH }]
	@W::"/home/ahlemzenache/Documents/polarfire-soc-video-kit-reference-design_READ_WRITECopie/VKPFSOC_JPEG_WRITE_READ/designer/VKPFSOC_TOP/synthesis.fdc":26:0:26:0|Timing constraint (to [get_pins { PF_DDR4_C0_0.DDRPHY_BLK_0.LANE_0_CTRL.I_LANECTRL.SWITCH }]) (false path) was not applied to the design because none of the paths specified by the constraint exist in the design
set_false_path -to [get_pins { PF_DDR4_C0_0.DDRPHY_BLK_0.LANE_1_CTRL.I_LANECTRL.DELAY_LINE_DIRECTION }]
	@W::"/home/ahlemzenache/Documents/polarfire-soc-video-kit-reference-design_READ_WRITECopie/VKPFSOC_JPEG_WRITE_READ/designer/VKPFSOC_TOP/synthesis.fdc":38:0:38:0|Timing constraint (to [get_pins { PF_DDR4_C0_0.DDRPHY_BLK_0.LANE_1_CTRL.I_LANECTRL.DELAY_LINE_DIRECTION }]) (false path) was not applied to the design because none of the paths specified by the constraint exist in the design
set_false_path -to [get_pins { PF_DDR4_C0_0.DDRPHY_BLK_0.LANE_1_CTRL.I_LANECTRL.DELAY_LINE_LOAD PF_DDR4_C0_0.DDRPHY_BLK_0.LANE_1_CTRL.I_LANECTRL.DELAY_LINE_SEL }]
	@W::"/home/ahlemzenache/Documents/polarfire-soc-video-kit-reference-design_READ_WRITECopie/VKPFSOC_JPEG_WRITE_READ/designer/VKPFSOC_TOP/synthesis.fdc":40:0:40:0|Timing constraint (to [get_pins { PF_DDR4_C0_0.DDRPHY_BLK_0.LANE_1_CTRL.I_LANECTRL.DELAY_LINE_LOAD PF_DDR4_C0_0.DDRPHY_BLK_0.LANE_1_CTRL.I_LANECTRL.DELAY_LINE_SEL }]) (false path) was not applied to the design because none of the paths specified by the constraint exist in the design
set_false_path -to [get_pins { PF_DDR4_C0_0.DDRPHY_BLK_0.LANE_1_CTRL.I_LANECTRL.DELAY_LINE_MOVE }]
	@W::"/home/ahlemzenache/Documents/polarfire-soc-video-kit-reference-design_READ_WRITECopie/VKPFSOC_JPEG_WRITE_READ/designer/VKPFSOC_TOP/synthesis.fdc":39:0:39:0|Timing constraint (to [get_pins { PF_DDR4_C0_0.DDRPHY_BLK_0.LANE_1_CTRL.I_LANECTRL.DELAY_LINE_MOVE }]) (false path) was not applied to the design because none of the paths specified by the constraint exist in the design
set_false_path -to [get_pins { PF_DDR4_C0_0.DDRPHY_BLK_0.LANE_1_CTRL.I_LANECTRL.DLL_CODE[0] }]
	@W::"/home/ahlemzenache/Documents/polarfire-soc-video-kit-reference-design_READ_WRITECopie/VKPFSOC_JPEG_WRITE_READ/designer/VKPFSOC_TOP/synthesis.fdc":43:0:43:0|Timing constraint (to [get_pins { PF_DDR4_C0_0.DDRPHY_BLK_0.LANE_1_CTRL.I_LANECTRL.DLL_CODE[0] }]) (false path) was not applied to the design because none of the paths specified by the constraint exist in the design
set_false_path -to [get_pins { PF_DDR4_C0_0.DDRPHY_BLK_0.LANE_1_CTRL.I_LANECTRL.DLL_CODE[1] }]
	@W::"/home/ahlemzenache/Documents/polarfire-soc-video-kit-reference-design_READ_WRITECopie/VKPFSOC_JPEG_WRITE_READ/designer/VKPFSOC_TOP/synthesis.fdc":44:0:44:0|Timing constraint (to [get_pins { PF_DDR4_C0_0.DDRPHY_BLK_0.LANE_1_CTRL.I_LANECTRL.DLL_CODE[1] }]) (false path) was not applied to the design because none of the paths specified by the constraint exist in the design
set_false_path -to [get_pins { PF_DDR4_C0_0.DDRPHY_BLK_0.LANE_1_CTRL.I_LANECTRL.DLL_CODE[2] }]
	@W::"/home/ahlemzenache/Documents/polarfire-soc-video-kit-reference-design_READ_WRITECopie/VKPFSOC_JPEG_WRITE_READ/designer/VKPFSOC_TOP/synthesis.fdc":45:0:45:0|Timing constraint (to [get_pins { PF_DDR4_C0_0.DDRPHY_BLK_0.LANE_1_CTRL.I_LANECTRL.DLL_CODE[2] }]) (false path) was not applied to the design because none of the paths specified by the constraint exist in the design
set_false_path -to [get_pins { PF_DDR4_C0_0.DDRPHY_BLK_0.LANE_1_CTRL.I_LANECTRL.DLL_CODE[3] }]
	@W::"/home/ahlemzenache/Documents/polarfire-soc-video-kit-reference-design_READ_WRITECopie/VKPFSOC_JPEG_WRITE_READ/designer/VKPFSOC_TOP/synthesis.fdc":46:0:46:0|Timing constraint (to [get_pins { PF_DDR4_C0_0.DDRPHY_BLK_0.LANE_1_CTRL.I_LANECTRL.DLL_CODE[3] }]) (false path) was not applied to the design because none of the paths specified by the constraint exist in the design
set_false_path -to [get_pins { PF_DDR4_C0_0.DDRPHY_BLK_0.LANE_1_CTRL.I_LANECTRL.DLL_CODE[4] }]
	@W::"/home/ahlemzenache/Documents/polarfire-soc-video-kit-reference-design_READ_WRITECopie/VKPFSOC_JPEG_WRITE_READ/designer/VKPFSOC_TOP/synthesis.fdc":47:0:47:0|Timing constraint (to [get_pins { PF_DDR4_C0_0.DDRPHY_BLK_0.LANE_1_CTRL.I_LANECTRL.DLL_CODE[4] }]) (false path) was not applied to the design because none of the paths specified by the constraint exist in the design
set_false_path -to [get_pins { PF_DDR4_C0_0.DDRPHY_BLK_0.LANE_1_CTRL.I_LANECTRL.DLL_CODE[5] }]
	@W::"/home/ahlemzenache/Documents/polarfire-soc-video-kit-reference-design_READ_WRITECopie/VKPFSOC_JPEG_WRITE_READ/designer/VKPFSOC_TOP/synthesis.fdc":48:0:48:0|Timing constraint (to [get_pins { PF_DDR4_C0_0.DDRPHY_BLK_0.LANE_1_CTRL.I_LANECTRL.DLL_CODE[5] }]) (false path) was not applied to the design because none of the paths specified by the constraint exist in the design
set_false_path -to [get_pins { PF_DDR4_C0_0.DDRPHY_BLK_0.LANE_1_CTRL.I_LANECTRL.DLL_CODE[6] }]
	@W::"/home/ahlemzenache/Documents/polarfire-soc-video-kit-reference-design_READ_WRITECopie/VKPFSOC_JPEG_WRITE_READ/designer/VKPFSOC_TOP/synthesis.fdc":49:0:49:0|Timing constraint (to [get_pins { PF_DDR4_C0_0.DDRPHY_BLK_0.LANE_1_CTRL.I_LANECTRL.DLL_CODE[6] }]) (false path) was not applied to the design because none of the paths specified by the constraint exist in the design
set_false_path -to [get_pins { PF_DDR4_C0_0.DDRPHY_BLK_0.LANE_1_CTRL.I_LANECTRL.DLL_CODE[7] }]
	@W::"/home/ahlemzenache/Documents/polarfire-soc-video-kit-reference-design_READ_WRITECopie/VKPFSOC_JPEG_WRITE_READ/designer/VKPFSOC_TOP/synthesis.fdc":50:0:50:0|Timing constraint (to [get_pins { PF_DDR4_C0_0.DDRPHY_BLK_0.LANE_1_CTRL.I_LANECTRL.DLL_CODE[7] }]) (false path) was not applied to the design because none of the paths specified by the constraint exist in the design
set_false_path -to [get_pins { PF_DDR4_C0_0.DDRPHY_BLK_0.LANE_1_CTRL.I_LANECTRL.READ_CLK_SEL[2] }]
	@W::"/home/ahlemzenache/Documents/polarfire-soc-video-kit-reference-design_READ_WRITECopie/VKPFSOC_JPEG_WRITE_READ/designer/VKPFSOC_TOP/synthesis.fdc":42:0:42:0|Timing constraint (to [get_pins { PF_DDR4_C0_0.DDRPHY_BLK_0.LANE_1_CTRL.I_LANECTRL.READ_CLK_SEL[2] }]) (false path) was not applied to the design because none of the paths specified by the constraint exist in the design
set_false_path -to [get_pins { PF_DDR4_C0_0.DDRPHY_BLK_0.LANE_1_CTRL.I_LANECTRL.RESET }]
	@W::"/home/ahlemzenache/Documents/polarfire-soc-video-kit-reference-design_READ_WRITECopie/VKPFSOC_JPEG_WRITE_READ/designer/VKPFSOC_TOP/synthesis.fdc":37:0:37:0|Timing constraint (to [get_pins { PF_DDR4_C0_0.DDRPHY_BLK_0.LANE_1_CTRL.I_LANECTRL.RESET }]) (false path) was not applied to the design because none of the paths specified by the constraint exist in the design
set_false_path -to [get_pins { PF_DDR4_C0_0.DDRPHY_BLK_0.LANE_1_CTRL.I_LANECTRL.SWITCH }]
	@W::"/home/ahlemzenache/Documents/polarfire-soc-video-kit-reference-design_READ_WRITECopie/VKPFSOC_JPEG_WRITE_READ/designer/VKPFSOC_TOP/synthesis.fdc":41:0:41:0|Timing constraint (to [get_pins { PF_DDR4_C0_0.DDRPHY_BLK_0.LANE_1_CTRL.I_LANECTRL.SWITCH }]) (false path) was not applied to the design because none of the paths specified by the constraint exist in the design

Constraints with matching wildcard expressions
**********************************************

set_false_path -through [get_pins { PF_DDR4_C0_0.DDRPHY_BLK_0.*.I_*FEEDBACK*.Y }]
	@N:MF891:"/home/ahlemzenache/Documents/polarfire-soc-video-kit-reference-design_READ_WRITECopie/VKPFSOC_JPEG_WRITE_READ/designer/VKPFSOC_TOP/synthesis.fdc":51:0:51:0|expression "[get_pins { PF_DDR4_C0_0.DDRPHY_BLK_0.*.I_*FEEDBACK*.Y }]" applies to objects:
		PF_DDR4_C0_0.DDRPHY_BLK_0.LANE_0_IOD_DM.I_TRIBUFF_FEEDBACK_0.Y
		PF_DDR4_C0_0.DDRPHY_BLK_0.LANE_1_IOD_DM.I_TRIBUFF_FEEDBACK_0.Y
set_false_path -through [get_pins { PF_DDR4_C0_0.DDRPHY_BLK_0.*.I_BIBUF*.D }]
	@N:MF891:"/home/ahlemzenache/Documents/polarfire-soc-video-kit-reference-design_READ_WRITECopie/VKPFSOC_JPEG_WRITE_READ/designer/VKPFSOC_TOP/synthesis.fdc":56:0:56:0|expression "[get_pins { PF_DDR4_C0_0.DDRPHY_BLK_0.*.I_BIBUF*.D }]" applies to objects:
		PF_DDR4_C0_0.DDRPHY_BLK_0.LANE_0_IOD_DQS.I_BIBUF_DIFF_DQS_0.D
		PF_DDR4_C0_0.DDRPHY_BLK_0.LANE_1_IOD_DQS.I_BIBUF_DIFF_DQS_0.D
set_false_path -through [get_pins { PF_DDR4_C0_0.DDRPHY_BLK_0.*.I_BIBUF*.E }]
	@N:MF891:"/home/ahlemzenache/Documents/polarfire-soc-video-kit-reference-design_READ_WRITECopie/VKPFSOC_JPEG_WRITE_READ/designer/VKPFSOC_TOP/synthesis.fdc":57:0:57:0|expression "[get_pins { PF_DDR4_C0_0.DDRPHY_BLK_0.*.I_BIBUF*.E }]" applies to objects:
		PF_DDR4_C0_0.DDRPHY_BLK_0.LANE_0_IOD_DQS.I_BIBUF_DIFF_DQS_0.E
		PF_DDR4_C0_0.DDRPHY_BLK_0.LANE_1_IOD_DQS.I_BIBUF_DIFF_DQS_0.E
set_false_path -through [get_pins { PF_DDR4_C0_0.DDRPHY_BLK_0.*.I_BIBUF*.Y }]
	@N:MF891:"/home/ahlemzenache/Documents/polarfire-soc-video-kit-reference-design_READ_WRITECopie/VKPFSOC_JPEG_WRITE_READ/designer/VKPFSOC_TOP/synthesis.fdc":58:0:58:0|expression "[get_pins { PF_DDR4_C0_0.DDRPHY_BLK_0.*.I_BIBUF*.Y }]" applies to objects:
		PF_DDR4_C0_0.DDRPHY_BLK_0.LANE_0_IOD_DQS.I_BIBUF_DIFF_DQS_0.Y
		PF_DDR4_C0_0.DDRPHY_BLK_0.LANE_1_IOD_DQS.I_BIBUF_DIFF_DQS_0.Y
set_false_path -through [get_pins { PF_DDR4_C0_0.DDRPHY_BLK_0.*.I_BIBUF_DIFF_DQS_*.YN }]
	@N:MF891:"/home/ahlemzenache/Documents/polarfire-soc-video-kit-reference-design_READ_WRITECopie/VKPFSOC_JPEG_WRITE_READ/designer/VKPFSOC_TOP/synthesis.fdc":59:0:59:0|expression "[get_pins { PF_DDR4_C0_0.DDRPHY_BLK_0.*.I_BIBUF_DIFF_DQS_*.YN }]" applies to objects:
		PF_DDR4_C0_0.DDRPHY_BLK_0.LANE_0_IOD_DQS.I_BIBUF_DIFF_DQS_0.YN
		PF_DDR4_C0_0.DDRPHY_BLK_0.LANE_1_IOD_DQS.I_BIBUF_DIFF_DQS_0.YN
set_false_path -through [get_pins { PF_DDR4_C0_0.DDRPHY_BLK_0.*.I_IOD_*.DELAY_LINE_OUT_OF_RANGE }]
	@N:MF891:"/home/ahlemzenache/Documents/polarfire-soc-video-kit-reference-design_READ_WRITECopie/VKPFSOC_JPEG_WRITE_READ/designer/VKPFSOC_TOP/synthesis.fdc":20:0:20:0|expression "[get_pins { PF_DDR4_C0_0.DDRPHY_BLK_0.*.I_IOD_*.DELAY_LINE_OUT_OF_RANGE }]" applies to objects:
		PF_DDR4_C0_0.DDRPHY_BLK_0.IOD_ACT_N.I_IOD_0.DELAY_LINE_OUT_OF_RANGE
		PF_DDR4_C0_0.DDRPHY_BLK_0.IOD_A_11_0.I_IOD_0.DELAY_LINE_OUT_OF_RANGE
		PF_DDR4_C0_0.DDRPHY_BLK_0.IOD_A_11_0.I_IOD_1.DELAY_LINE_OUT_OF_RANGE
		PF_DDR4_C0_0.DDRPHY_BLK_0.IOD_A_11_0.I_IOD_2.DELAY_LINE_OUT_OF_RANGE
		PF_DDR4_C0_0.DDRPHY_BLK_0.IOD_A_11_0.I_IOD_3.DELAY_LINE_OUT_OF_RANGE
		PF_DDR4_C0_0.DDRPHY_BLK_0.IOD_A_11_0.I_IOD_4.DELAY_LINE_OUT_OF_RANGE
		PF_DDR4_C0_0.DDRPHY_BLK_0.IOD_A_11_0.I_IOD_5.DELAY_LINE_OUT_OF_RANGE
		PF_DDR4_C0_0.DDRPHY_BLK_0.IOD_A_11_0.I_IOD_6.DELAY_LINE_OUT_OF_RANGE
		PF_DDR4_C0_0.DDRPHY_BLK_0.IOD_A_11_0.I_IOD_7.DELAY_LINE_OUT_OF_RANGE
		PF_DDR4_C0_0.DDRPHY_BLK_0.IOD_A_11_0.I_IOD_8.DELAY_LINE_OUT_OF_RANGE
		PF_DDR4_C0_0.DDRPHY_BLK_0.IOD_A_11_0.I_IOD_9.DELAY_LINE_OUT_OF_RANGE
		PF_DDR4_C0_0.DDRPHY_BLK_0.IOD_A_11_0.I_IOD_10.DELAY_LINE_OUT_OF_RANGE
		PF_DDR4_C0_0.DDRPHY_BLK_0.IOD_A_11_0.I_IOD_11.DELAY_LINE_OUT_OF_RANGE
		PF_DDR4_C0_0.DDRPHY_BLK_0.IOD_A_12.I_IOD_0.DELAY_LINE_OUT_OF_RANGE
		PF_DDR4_C0_0.DDRPHY_BLK_0.IOD_A_13.I_IOD_0.DELAY_LINE_OUT_OF_RANGE
		PF_DDR4_C0_0.DDRPHY_BLK_0.IOD_BA.I_IOD_0.DELAY_LINE_OUT_OF_RANGE
		PF_DDR4_C0_0.DDRPHY_BLK_0.IOD_BA.I_IOD_1.DELAY_LINE_OUT_OF_RANGE
		PF_DDR4_C0_0.DDRPHY_BLK_0.IOD_BCLK_TRAINING.I_IOD_0.DELAY_LINE_OUT_OF_RANGE
		PF_DDR4_C0_0.DDRPHY_BLK_0.IOD_BG.I_IOD_0.DELAY_LINE_OUT_OF_RANGE
		PF_DDR4_C0_0.DDRPHY_BLK_0.IOD_BG.I_IOD_1.DELAY_LINE_OUT_OF_RANGE
		PF_DDR4_C0_0.DDRPHY_BLK_0.IOD_CAS_N.I_IOD_0.DELAY_LINE_OUT_OF_RANGE
		PF_DDR4_C0_0.DDRPHY_BLK_0.IOD_CKE.I_IOD_0.DELAY_LINE_OUT_OF_RANGE
		PF_DDR4_C0_0.DDRPHY_BLK_0.IOD_CS_N.I_IOD_0.DELAY_LINE_OUT_OF_RANGE
		PF_DDR4_C0_0.DDRPHY_BLK_0.IOD_ODT.I_IOD_0.DELAY_LINE_OUT_OF_RANGE
		PF_DDR4_C0_0.DDRPHY_BLK_0.IOD_RAS_N.I_IOD_0.DELAY_LINE_OUT_OF_RANGE
		PF_DDR4_C0_0.DDRPHY_BLK_0.IOD_REF_CLK_TRAINING.I_IOD_0.DELAY_LINE_OUT_OF_RANGE
		PF_DDR4_C0_0.DDRPHY_BLK_0.IOD_RESET_N.I_IOD_0.DELAY_LINE_OUT_OF_RANGE
		PF_DDR4_C0_0.DDRPHY_BLK_0.IOD_WE_N.I_IOD_0.DELAY_LINE_OUT_OF_RANGE
		PF_DDR4_C0_0.DDRPHY_BLK_0.LANE_0_IOD_DM.I_IOD_0.DELAY_LINE_OUT_OF_RANGE
		PF_DDR4_C0_0.DDRPHY_BLK_0.LANE_0_IOD_DQ.I_IOD_0.DELAY_LINE_OUT_OF_RANGE
		PF_DDR4_C0_0.DDRPHY_BLK_0.LANE_0_IOD_DQ.I_IOD_1.DELAY_LINE_OUT_OF_RANGE
		PF_DDR4_C0_0.DDRPHY_BLK_0.LANE_0_IOD_DQ.I_IOD_2.DELAY_LINE_OUT_OF_RANGE
		PF_DDR4_C0_0.DDRPHY_BLK_0.LANE_0_IOD_DQ.I_IOD_3.DELAY_LINE_OUT_OF_RANGE
		PF_DDR4_C0_0.DDRPHY_BLK_0.LANE_0_IOD_DQ.I_IOD_4.DELAY_LINE_OUT_OF_RANGE
		PF_DDR4_C0_0.DDRPHY_BLK_0.LANE_0_IOD_DQ.I_IOD_5.DELAY_LINE_OUT_OF_RANGE
		PF_DDR4_C0_0.DDRPHY_BLK_0.LANE_0_IOD_DQ.I_IOD_6.DELAY_LINE_OUT_OF_RANGE
		PF_DDR4_C0_0.DDRPHY_BLK_0.LANE_0_IOD_DQ.I_IOD_7.DELAY_LINE_OUT_OF_RANGE
		PF_DDR4_C0_0.DDRPHY_BLK_0.LANE_0_IOD_DQS.I_IOD_0.DELAY_LINE_OUT_OF_RANGE
		PF_DDR4_C0_0.DDRPHY_BLK_0.LANE_0_IOD_DQSW_TRAINING.I_IOD_0.DELAY_LINE_OUT_OF_RANGE
		PF_DDR4_C0_0.DDRPHY_BLK_0.LANE_0_IOD_READ_TRAINING.I_IOD_0.DELAY_LINE_OUT_OF_RANGE
		PF_DDR4_C0_0.DDRPHY_BLK_0.LANE_1_IOD_DM.I_IOD_0.DELAY_LINE_OUT_OF_RANGE
		PF_DDR4_C0_0.DDRPHY_BLK_0.LANE_1_IOD_DQ.I_IOD_0.DELAY_LINE_OUT_OF_RANGE
		PF_DDR4_C0_0.DDRPHY_BLK_0.LANE_1_IOD_DQ.I_IOD_1.DELAY_LINE_OUT_OF_RANGE
		PF_DDR4_C0_0.DDRPHY_BLK_0.LANE_1_IOD_DQ.I_IOD_2.DELAY_LINE_OUT_OF_RANGE
		PF_DDR4_C0_0.DDRPHY_BLK_0.LANE_1_IOD_DQ.I_IOD_3.DELAY_LINE_OUT_OF_RANGE
		PF_DDR4_C0_0.DDRPHY_BLK_0.LANE_1_IOD_DQ.I_IOD_4.DELAY_LINE_OUT_OF_RANGE
		PF_DDR4_C0_0.DDRPHY_BLK_0.LANE_1_IOD_DQ.I_IOD_5.DELAY_LINE_OUT_OF_RANGE
		PF_DDR4_C0_0.DDRPHY_BLK_0.LANE_1_IOD_DQ.I_IOD_6.DELAY_LINE_OUT_OF_RANGE
		PF_DDR4_C0_0.DDRPHY_BLK_0.LANE_1_IOD_DQ.I_IOD_7.DELAY_LINE_OUT_OF_RANGE
		PF_DDR4_C0_0.DDRPHY_BLK_0.LANE_1_IOD_DQS.I_IOD_0.DELAY_LINE_OUT_OF_RANGE
		PF_DDR4_C0_0.DDRPHY_BLK_0.LANE_1_IOD_DQSW_TRAINING.I_IOD_0.DELAY_LINE_OUT_OF_RANGE
		PF_DDR4_C0_0.DDRPHY_BLK_0.LANE_1_IOD_READ_TRAINING.I_IOD_0.DELAY_LINE_OUT_OF_RANGE
set_false_path -through [get_pins { PF_DDR4_C0_0.DDRPHY_BLK_0.*.I_TRIBUFF_*.D }]
	@N:MF891:"/home/ahlemzenache/Documents/polarfire-soc-video-kit-reference-design_READ_WRITECopie/VKPFSOC_JPEG_WRITE_READ/designer/VKPFSOC_TOP/synthesis.fdc":54:0:54:0|expression "[get_pins { PF_DDR4_C0_0.DDRPHY_BLK_0.*.I_TRIBUFF_*.D }]" applies to objects:
		PF_DDR4_C0_0.DDRPHY_BLK_0.LANE_0_IOD_DM.I_TRIBUFF_FEEDBACK_0.D
		PF_DDR4_C0_0.DDRPHY_BLK_0.LANE_1_IOD_DM.I_TRIBUFF_FEEDBACK_0.D
set_false_path -through [get_pins { PF_DDR4_C0_0.DDRPHY_BLK_0.*.I_TRIBUFF_*.E }]
	@N:MF891:"/home/ahlemzenache/Documents/polarfire-soc-video-kit-reference-design_READ_WRITECopie/VKPFSOC_JPEG_WRITE_READ/designer/VKPFSOC_TOP/synthesis.fdc":55:0:55:0|expression "[get_pins { PF_DDR4_C0_0.DDRPHY_BLK_0.*.I_TRIBUFF_*.E }]" applies to objects:
		PF_DDR4_C0_0.DDRPHY_BLK_0.LANE_0_IOD_DM.I_TRIBUFF_FEEDBACK_0.E
		PF_DDR4_C0_0.DDRPHY_BLK_0.LANE_1_IOD_DM.I_TRIBUFF_FEEDBACK_0.E
set_false_path -to [get_pins { PF_DDR4_C0_0.DDRPHY_BLK_0.*.I_IOD_*.ARST_N }]
	@N:MF891:"/home/ahlemzenache/Documents/polarfire-soc-video-kit-reference-design_READ_WRITECopie/VKPFSOC_JPEG_WRITE_READ/designer/VKPFSOC_TOP/synthesis.fdc":15:0:15:0|expression "[get_pins { PF_DDR4_C0_0.DDRPHY_BLK_0.*.I_IOD_*.ARST_N }]" applies to objects:
		PF_DDR4_C0_0.DDRPHY_BLK_0.IOD_ACT_N.I_IOD_0.ARST_N
		PF_DDR4_C0_0.DDRPHY_BLK_0.IOD_A_11_0.I_IOD_0.ARST_N
		PF_DDR4_C0_0.DDRPHY_BLK_0.IOD_A_11_0.I_IOD_1.ARST_N
		PF_DDR4_C0_0.DDRPHY_BLK_0.IOD_A_11_0.I_IOD_2.ARST_N
		PF_DDR4_C0_0.DDRPHY_BLK_0.IOD_A_11_0.I_IOD_3.ARST_N
		PF_DDR4_C0_0.DDRPHY_BLK_0.IOD_A_11_0.I_IOD_4.ARST_N
		PF_DDR4_C0_0.DDRPHY_BLK_0.IOD_A_11_0.I_IOD_5.ARST_N
		PF_DDR4_C0_0.DDRPHY_BLK_0.IOD_A_11_0.I_IOD_6.ARST_N
		PF_DDR4_C0_0.DDRPHY_BLK_0.IOD_A_11_0.I_IOD_7.ARST_N
		PF_DDR4_C0_0.DDRPHY_BLK_0.IOD_A_11_0.I_IOD_8.ARST_N
		PF_DDR4_C0_0.DDRPHY_BLK_0.IOD_A_11_0.I_IOD_9.ARST_N
		PF_DDR4_C0_0.DDRPHY_BLK_0.IOD_A_11_0.I_IOD_10.ARST_N
		PF_DDR4_C0_0.DDRPHY_BLK_0.IOD_A_11_0.I_IOD_11.ARST_N
		PF_DDR4_C0_0.DDRPHY_BLK_0.IOD_A_12.I_IOD_0.ARST_N
		PF_DDR4_C0_0.DDRPHY_BLK_0.IOD_A_13.I_IOD_0.ARST_N
		PF_DDR4_C0_0.DDRPHY_BLK_0.IOD_BA.I_IOD_0.ARST_N
		PF_DDR4_C0_0.DDRPHY_BLK_0.IOD_BA.I_IOD_1.ARST_N
		PF_DDR4_C0_0.DDRPHY_BLK_0.IOD_BCLK_TRAINING.I_IOD_0.ARST_N
		PF_DDR4_C0_0.DDRPHY_BLK_0.IOD_BG.I_IOD_0.ARST_N
		PF_DDR4_C0_0.DDRPHY_BLK_0.IOD_BG.I_IOD_1.ARST_N
		PF_DDR4_C0_0.DDRPHY_BLK_0.IOD_CAS_N.I_IOD_0.ARST_N
		PF_DDR4_C0_0.DDRPHY_BLK_0.IOD_CKE.I_IOD_0.ARST_N
		PF_DDR4_C0_0.DDRPHY_BLK_0.IOD_CS_N.I_IOD_0.ARST_N
		PF_DDR4_C0_0.DDRPHY_BLK_0.IOD_ODT.I_IOD_0.ARST_N
		PF_DDR4_C0_0.DDRPHY_BLK_0.IOD_RAS_N.I_IOD_0.ARST_N
		PF_DDR4_C0_0.DDRPHY_BLK_0.IOD_REF_CLK_TRAINING.I_IOD_0.ARST_N
		PF_DDR4_C0_0.DDRPHY_BLK_0.IOD_RESET_N.I_IOD_0.ARST_N
		PF_DDR4_C0_0.DDRPHY_BLK_0.IOD_WE_N.I_IOD_0.ARST_N
		PF_DDR4_C0_0.DDRPHY_BLK_0.LANE_0_IOD_DM.I_IOD_0.ARST_N
		PF_DDR4_C0_0.DDRPHY_BLK_0.LANE_0_IOD_DQ.I_IOD_0.ARST_N
		PF_DDR4_C0_0.DDRPHY_BLK_0.LANE_0_IOD_DQ.I_IOD_1.ARST_N
		PF_DDR4_C0_0.DDRPHY_BLK_0.LANE_0_IOD_DQ.I_IOD_2.ARST_N
		PF_DDR4_C0_0.DDRPHY_BLK_0.LANE_0_IOD_DQ.I_IOD_3.ARST_N
		PF_DDR4_C0_0.DDRPHY_BLK_0.LANE_0_IOD_DQ.I_IOD_4.ARST_N
		PF_DDR4_C0_0.DDRPHY_BLK_0.LANE_0_IOD_DQ.I_IOD_5.ARST_N
		PF_DDR4_C0_0.DDRPHY_BLK_0.LANE_0_IOD_DQ.I_IOD_6.ARST_N
		PF_DDR4_C0_0.DDRPHY_BLK_0.LANE_0_IOD_DQ.I_IOD_7.ARST_N
		PF_DDR4_C0_0.DDRPHY_BLK_0.LANE_0_IOD_DQS.I_IOD_0.ARST_N
		PF_DDR4_C0_0.DDRPHY_BLK_0.LANE_0_IOD_DQSW_TRAINING.I_IOD_0.ARST_N
		PF_DDR4_C0_0.DDRPHY_BLK_0.LANE_0_IOD_READ_TRAINING.I_IOD_0.ARST_N
		PF_DDR4_C0_0.DDRPHY_BLK_0.LANE_1_IOD_DM.I_IOD_0.ARST_N
		PF_DDR4_C0_0.DDRPHY_BLK_0.LANE_1_IOD_DQ.I_IOD_0.ARST_N
		PF_DDR4_C0_0.DDRPHY_BLK_0.LANE_1_IOD_DQ.I_IOD_1.ARST_N
		PF_DDR4_C0_0.DDRPHY_BLK_0.LANE_1_IOD_DQ.I_IOD_2.ARST_N
		PF_DDR4_C0_0.DDRPHY_BLK_0.LANE_1_IOD_DQ.I_IOD_3.ARST_N
		PF_DDR4_C0_0.DDRPHY_BLK_0.LANE_1_IOD_DQ.I_IOD_4.ARST_N
		PF_DDR4_C0_0.DDRPHY_BLK_0.LANE_1_IOD_DQ.I_IOD_5.ARST_N
		PF_DDR4_C0_0.DDRPHY_BLK_0.LANE_1_IOD_DQ.I_IOD_6.ARST_N
		PF_DDR4_C0_0.DDRPHY_BLK_0.LANE_1_IOD_DQ.I_IOD_7.ARST_N
		PF_DDR4_C0_0.DDRPHY_BLK_0.LANE_1_IOD_DQS.I_IOD_0.ARST_N
		PF_DDR4_C0_0.DDRPHY_BLK_0.LANE_1_IOD_DQSW_TRAINING.I_IOD_0.ARST_N
		PF_DDR4_C0_0.DDRPHY_BLK_0.LANE_1_IOD_READ_TRAINING.I_IOD_0.ARST_N
set_false_path -to [get_pins { PF_DDR4_C0_0.DDRPHY_BLK_0.*.I_IOD_*.DELAY_LINE_MOVE }]
	@N:MF891:"/home/ahlemzenache/Documents/polarfire-soc-video-kit-reference-design_READ_WRITECopie/VKPFSOC_JPEG_WRITE_READ/designer/VKPFSOC_TOP/synthesis.fdc":19:0:19:0|expression "[get_pins { PF_DDR4_C0_0.DDRPHY_BLK_0.*.I_IOD_*.DELAY_LINE_MOVE }]" applies to objects:
		PF_DDR4_C0_0.DDRPHY_BLK_0.IOD_ACT_N.I_IOD_0.DELAY_LINE_MOVE
		PF_DDR4_C0_0.DDRPHY_BLK_0.IOD_A_11_0.I_IOD_0.DELAY_LINE_MOVE
		PF_DDR4_C0_0.DDRPHY_BLK_0.IOD_A_11_0.I_IOD_1.DELAY_LINE_MOVE
		PF_DDR4_C0_0.DDRPHY_BLK_0.IOD_A_11_0.I_IOD_2.DELAY_LINE_MOVE
		PF_DDR4_C0_0.DDRPHY_BLK_0.IOD_A_11_0.I_IOD_3.DELAY_LINE_MOVE
		PF_DDR4_C0_0.DDRPHY_BLK_0.IOD_A_11_0.I_IOD_4.DELAY_LINE_MOVE
		PF_DDR4_C0_0.DDRPHY_BLK_0.IOD_A_11_0.I_IOD_5.DELAY_LINE_MOVE
		PF_DDR4_C0_0.DDRPHY_BLK_0.IOD_A_11_0.I_IOD_6.DELAY_LINE_MOVE
		PF_DDR4_C0_0.DDRPHY_BLK_0.IOD_A_11_0.I_IOD_7.DELAY_LINE_MOVE
		PF_DDR4_C0_0.DDRPHY_BLK_0.IOD_A_11_0.I_IOD_8.DELAY_LINE_MOVE
		PF_DDR4_C0_0.DDRPHY_BLK_0.IOD_A_11_0.I_IOD_9.DELAY_LINE_MOVE
		PF_DDR4_C0_0.DDRPHY_BLK_0.IOD_A_11_0.I_IOD_10.DELAY_LINE_MOVE
		PF_DDR4_C0_0.DDRPHY_BLK_0.IOD_A_11_0.I_IOD_11.DELAY_LINE_MOVE
		PF_DDR4_C0_0.DDRPHY_BLK_0.IOD_A_12.I_IOD_0.DELAY_LINE_MOVE
		PF_DDR4_C0_0.DDRPHY_BLK_0.IOD_A_13.I_IOD_0.DELAY_LINE_MOVE
		PF_DDR4_C0_0.DDRPHY_BLK_0.IOD_BA.I_IOD_0.DELAY_LINE_MOVE
		PF_DDR4_C0_0.DDRPHY_BLK_0.IOD_BA.I_IOD_1.DELAY_LINE_MOVE
		PF_DDR4_C0_0.DDRPHY_BLK_0.IOD_BCLK_TRAINING.I_IOD_0.DELAY_LINE_MOVE
		PF_DDR4_C0_0.DDRPHY_BLK_0.IOD_BG.I_IOD_0.DELAY_LINE_MOVE
		PF_DDR4_C0_0.DDRPHY_BLK_0.IOD_BG.I_IOD_1.DELAY_LINE_MOVE
		PF_DDR4_C0_0.DDRPHY_BLK_0.IOD_CAS_N.I_IOD_0.DELAY_LINE_MOVE
		PF_DDR4_C0_0.DDRPHY_BLK_0.IOD_CKE.I_IOD_0.DELAY_LINE_MOVE
		PF_DDR4_C0_0.DDRPHY_BLK_0.IOD_CS_N.I_IOD_0.DELAY_LINE_MOVE
		PF_DDR4_C0_0.DDRPHY_BLK_0.IOD_ODT.I_IOD_0.DELAY_LINE_MOVE
		PF_DDR4_C0_0.DDRPHY_BLK_0.IOD_RAS_N.I_IOD_0.DELAY_LINE_MOVE
		PF_DDR4_C0_0.DDRPHY_BLK_0.IOD_REF_CLK_TRAINING.I_IOD_0.DELAY_LINE_MOVE
		PF_DDR4_C0_0.DDRPHY_BLK_0.IOD_RESET_N.I_IOD_0.DELAY_LINE_MOVE
		PF_DDR4_C0_0.DDRPHY_BLK_0.IOD_WE_N.I_IOD_0.DELAY_LINE_MOVE
		PF_DDR4_C0_0.DDRPHY_BLK_0.LANE_0_IOD_DM.I_IOD_0.DELAY_LINE_MOVE
		PF_DDR4_C0_0.DDRPHY_BLK_0.LANE_0_IOD_DQ.I_IOD_0.DELAY_LINE_MOVE
		PF_DDR4_C0_0.DDRPHY_BLK_0.LANE_0_IOD_DQ.I_IOD_1.DELAY_LINE_MOVE
		PF_DDR4_C0_0.DDRPHY_BLK_0.LANE_0_IOD_DQ.I_IOD_2.DELAY_LINE_MOVE
		PF_DDR4_C0_0.DDRPHY_BLK_0.LANE_0_IOD_DQ.I_IOD_3.DELAY_LINE_MOVE
		PF_DDR4_C0_0.DDRPHY_BLK_0.LANE_0_IOD_DQ.I_IOD_4.DELAY_LINE_MOVE
		PF_DDR4_C0_0.DDRPHY_BLK_0.LANE_0_IOD_DQ.I_IOD_5.DELAY_LINE_MOVE
		PF_DDR4_C0_0.DDRPHY_BLK_0.LANE_0_IOD_DQ.I_IOD_6.DELAY_LINE_MOVE
		PF_DDR4_C0_0.DDRPHY_BLK_0.LANE_0_IOD_DQ.I_IOD_7.DELAY_LINE_MOVE
		PF_DDR4_C0_0.DDRPHY_BLK_0.LANE_0_IOD_DQS.I_IOD_0.DELAY_LINE_MOVE
		PF_DDR4_C0_0.DDRPHY_BLK_0.LANE_0_IOD_DQSW_TRAINING.I_IOD_0.DELAY_LINE_MOVE
		PF_DDR4_C0_0.DDRPHY_BLK_0.LANE_0_IOD_READ_TRAINING.I_IOD_0.DELAY_LINE_MOVE
		PF_DDR4_C0_0.DDRPHY_BLK_0.LANE_1_IOD_DM.I_IOD_0.DELAY_LINE_MOVE
		PF_DDR4_C0_0.DDRPHY_BLK_0.LANE_1_IOD_DQ.I_IOD_0.DELAY_LINE_MOVE
		PF_DDR4_C0_0.DDRPHY_BLK_0.LANE_1_IOD_DQ.I_IOD_1.DELAY_LINE_MOVE
		PF_DDR4_C0_0.DDRPHY_BLK_0.LANE_1_IOD_DQ.I_IOD_2.DELAY_LINE_MOVE
		PF_DDR4_C0_0.DDRPHY_BLK_0.LANE_1_IOD_DQ.I_IOD_3.DELAY_LINE_MOVE
		PF_DDR4_C0_0.DDRPHY_BLK_0.LANE_1_IOD_DQ.I_IOD_4.DELAY_LINE_MOVE
		PF_DDR4_C0_0.DDRPHY_BLK_0.LANE_1_IOD_DQ.I_IOD_5.DELAY_LINE_MOVE
		PF_DDR4_C0_0.DDRPHY_BLK_0.LANE_1_IOD_DQ.I_IOD_6.DELAY_LINE_MOVE
		PF_DDR4_C0_0.DDRPHY_BLK_0.LANE_1_IOD_DQ.I_IOD_7.DELAY_LINE_MOVE
		PF_DDR4_C0_0.DDRPHY_BLK_0.LANE_1_IOD_DQS.I_IOD_0.DELAY_LINE_MOVE
		PF_DDR4_C0_0.DDRPHY_BLK_0.LANE_1_IOD_DQSW_TRAINING.I_IOD_0.DELAY_LINE_MOVE
		PF_DDR4_C0_0.DDRPHY_BLK_0.LANE_1_IOD_READ_TRAINING.I_IOD_0.DELAY_LINE_MOVE
set_false_path -to [get_pins { PF_DDR4_C0_0.DDRPHY_BLK_0.*.I_IOD_*.RX_SYNC_RST* }]
	@N:MF891:"/home/ahlemzenache/Documents/polarfire-soc-video-kit-reference-design_READ_WRITECopie/VKPFSOC_JPEG_WRITE_READ/designer/VKPFSOC_TOP/synthesis.fdc":18:0:18:0|expression "[get_pins { PF_DDR4_C0_0.DDRPHY_BLK_0.*.I_IOD_*.RX_SYNC_RST* }]" applies to objects:
		PF_DDR4_C0_0.DDRPHY_BLK_0.IOD_ACT_N.I_IOD_0.RX_SYNC_RST
		PF_DDR4_C0_0.DDRPHY_BLK_0.IOD_A_11_0.I_IOD_0.RX_SYNC_RST
		PF_DDR4_C0_0.DDRPHY_BLK_0.IOD_A_11_0.I_IOD_1.RX_SYNC_RST
		PF_DDR4_C0_0.DDRPHY_BLK_0.IOD_A_11_0.I_IOD_2.RX_SYNC_RST
		PF_DDR4_C0_0.DDRPHY_BLK_0.IOD_A_11_0.I_IOD_3.RX_SYNC_RST
		PF_DDR4_C0_0.DDRPHY_BLK_0.IOD_A_11_0.I_IOD_4.RX_SYNC_RST
		PF_DDR4_C0_0.DDRPHY_BLK_0.IOD_A_11_0.I_IOD_5.RX_SYNC_RST
		PF_DDR4_C0_0.DDRPHY_BLK_0.IOD_A_11_0.I_IOD_6.RX_SYNC_RST
		PF_DDR4_C0_0.DDRPHY_BLK_0.IOD_A_11_0.I_IOD_7.RX_SYNC_RST
		PF_DDR4_C0_0.DDRPHY_BLK_0.IOD_A_11_0.I_IOD_8.RX_SYNC_RST
		PF_DDR4_C0_0.DDRPHY_BLK_0.IOD_A_11_0.I_IOD_9.RX_SYNC_RST
		PF_DDR4_C0_0.DDRPHY_BLK_0.IOD_A_11_0.I_IOD_10.RX_SYNC_RST
		PF_DDR4_C0_0.DDRPHY_BLK_0.IOD_A_11_0.I_IOD_11.RX_SYNC_RST
		PF_DDR4_C0_0.DDRPHY_BLK_0.IOD_A_12.I_IOD_0.RX_SYNC_RST
		PF_DDR4_C0_0.DDRPHY_BLK_0.IOD_A_13.I_IOD_0.RX_SYNC_RST
		PF_DDR4_C0_0.DDRPHY_BLK_0.IOD_BA.I_IOD_0.RX_SYNC_RST
		PF_DDR4_C0_0.DDRPHY_BLK_0.IOD_BA.I_IOD_1.RX_SYNC_RST
		PF_DDR4_C0_0.DDRPHY_BLK_0.IOD_BCLK_TRAINING.I_IOD_0.RX_SYNC_RST
		PF_DDR4_C0_0.DDRPHY_BLK_0.IOD_BG.I_IOD_0.RX_SYNC_RST
		PF_DDR4_C0_0.DDRPHY_BLK_0.IOD_BG.I_IOD_1.RX_SYNC_RST
		PF_DDR4_C0_0.DDRPHY_BLK_0.IOD_CAS_N.I_IOD_0.RX_SYNC_RST
		PF_DDR4_C0_0.DDRPHY_BLK_0.IOD_CKE.I_IOD_0.RX_SYNC_RST
		PF_DDR4_C0_0.DDRPHY_BLK_0.IOD_CS_N.I_IOD_0.RX_SYNC_RST
		PF_DDR4_C0_0.DDRPHY_BLK_0.IOD_ODT.I_IOD_0.RX_SYNC_RST
		PF_DDR4_C0_0.DDRPHY_BLK_0.IOD_RAS_N.I_IOD_0.RX_SYNC_RST
		PF_DDR4_C0_0.DDRPHY_BLK_0.IOD_REF_CLK_TRAINING.I_IOD_0.RX_SYNC_RST
		PF_DDR4_C0_0.DDRPHY_BLK_0.IOD_RESET_N.I_IOD_0.RX_SYNC_RST
		PF_DDR4_C0_0.DDRPHY_BLK_0.IOD_WE_N.I_IOD_0.RX_SYNC_RST
		PF_DDR4_C0_0.DDRPHY_BLK_0.LANE_0_IOD_DM.I_IOD_0.RX_SYNC_RST
		PF_DDR4_C0_0.DDRPHY_BLK_0.LANE_0_IOD_DQ.I_IOD_0.RX_SYNC_RST
		PF_DDR4_C0_0.DDRPHY_BLK_0.LANE_0_IOD_DQ.I_IOD_1.RX_SYNC_RST
		PF_DDR4_C0_0.DDRPHY_BLK_0.LANE_0_IOD_DQ.I_IOD_2.RX_SYNC_RST
		PF_DDR4_C0_0.DDRPHY_BLK_0.LANE_0_IOD_DQ.I_IOD_3.RX_SYNC_RST
		PF_DDR4_C0_0.DDRPHY_BLK_0.LANE_0_IOD_DQ.I_IOD_4.RX_SYNC_RST
		PF_DDR4_C0_0.DDRPHY_BLK_0.LANE_0_IOD_DQ.I_IOD_5.RX_SYNC_RST
		PF_DDR4_C0_0.DDRPHY_BLK_0.LANE_0_IOD_DQ.I_IOD_6.RX_SYNC_RST
		PF_DDR4_C0_0.DDRPHY_BLK_0.LANE_0_IOD_DQ.I_IOD_7.RX_SYNC_RST
		PF_DDR4_C0_0.DDRPHY_BLK_0.LANE_0_IOD_DQS.I_IOD_0.RX_SYNC_RST
		PF_DDR4_C0_0.DDRPHY_BLK_0.LANE_0_IOD_DQSW_TRAINING.I_IOD_0.RX_SYNC_RST
		PF_DDR4_C0_0.DDRPHY_BLK_0.LANE_0_IOD_READ_TRAINING.I_IOD_0.RX_SYNC_RST
		PF_DDR4_C0_0.DDRPHY_BLK_0.LANE_1_IOD_DM.I_IOD_0.RX_SYNC_RST
		PF_DDR4_C0_0.DDRPHY_BLK_0.LANE_1_IOD_DQ.I_IOD_0.RX_SYNC_RST
		PF_DDR4_C0_0.DDRPHY_BLK_0.LANE_1_IOD_DQ.I_IOD_1.RX_SYNC_RST
		PF_DDR4_C0_0.DDRPHY_BLK_0.LANE_1_IOD_DQ.I_IOD_2.RX_SYNC_RST
		PF_DDR4_C0_0.DDRPHY_BLK_0.LANE_1_IOD_DQ.I_IOD_3.RX_SYNC_RST
		PF_DDR4_C0_0.DDRPHY_BLK_0.LANE_1_IOD_DQ.I_IOD_4.RX_SYNC_RST
		PF_DDR4_C0_0.DDRPHY_BLK_0.LANE_1_IOD_DQ.I_IOD_5.RX_SYNC_RST
		PF_DDR4_C0_0.DDRPHY_BLK_0.LANE_1_IOD_DQ.I_IOD_6.RX_SYNC_RST
		PF_DDR4_C0_0.DDRPHY_BLK_0.LANE_1_IOD_DQ.I_IOD_7.RX_SYNC_RST
		PF_DDR4_C0_0.DDRPHY_BLK_0.LANE_1_IOD_DQS.I_IOD_0.RX_SYNC_RST
		PF_DDR4_C0_0.DDRPHY_BLK_0.LANE_1_IOD_DQSW_TRAINING.I_IOD_0.RX_SYNC_RST
		PF_DDR4_C0_0.DDRPHY_BLK_0.LANE_1_IOD_READ_TRAINING.I_IOD_0.RX_SYNC_RST
set_false_path -to [get_pins { PF_DDR4_C0_0.DDRPHY_BLK_0.LANECTRL_ADDR_CMD_0.I_LANECTRL*.HS_IO_CLK_PAUSE }]
	@N:MF891:"/home/ahlemzenache/Documents/polarfire-soc-video-kit-reference-design_READ_WRITECopie/VKPFSOC_JPEG_WRITE_READ/designer/VKPFSOC_TOP/synthesis.fdc":17:0:17:0|expression "[get_pins { PF_DDR4_C0_0.DDRPHY_BLK_0.LANECTRL_ADDR_CMD_0.I_LANECTRL*.HS_IO_CLK_PAUSE }]" applies to objects:
		PF_DDR4_C0_0.DDRPHY_BLK_0.LANECTRL_ADDR_CMD_0.I_LANECTRL.HS_IO_CLK_PAUSE
		PF_DDR4_C0_0.DDRPHY_BLK_0.LANECTRL_ADDR_CMD_0.I_LANECTRL_PAUSE_SYNC.HS_IO_CLK_PAUSE
set_false_path -to [get_pins { PF_DDR4_C0_0.DDRPHY_BLK_0.LANE_*_CTRL.I_LANECTRL.HS_IO_CLK_PAUSE }]
	@N:MF891:"/home/ahlemzenache/Documents/polarfire-soc-video-kit-reference-design_READ_WRITECopie/VKPFSOC_JPEG_WRITE_READ/designer/VKPFSOC_TOP/synthesis.fdc":16:0:16:0|expression "[get_pins { PF_DDR4_C0_0.DDRPHY_BLK_0.LANE_*_CTRL.I_LANECTRL.HS_IO_CLK_PAUSE }]" applies to objects:
		PF_DDR4_C0_0.DDRPHY_BLK_0.LANE_0_CTRL.I_LANECTRL.HS_IO_CLK_PAUSE
		PF_DDR4_C0_0.DDRPHY_BLK_0.LANE_1_CTRL.I_LANECTRL.HS_IO_CLK_PAUSE

Library Report
**************


# End of Constraint Checker Report
