Resource Usage Report for VKPFSOC_TOP 

Mapping to part: mpfs250tfcg1152-1
Cell usage:
AND2            2 uses
BANKCTRL_GPIO   2 uses
BANKCTRL_HSIO   1 use
CLKINT          3 uses
ICB_CLKDIV      1 use
INIT            1 use
INV             2 uses
MSS             1 use
OSC_RC2MHZ      1 use
PLL             1 use
XCVR_REF_CLK    1 use
CFG1           70 uses
CFG2           476 uses
CFG3           1586 uses
CFG4           1964 uses

Carry cells:
ARI1            1326 uses - used for arithmetic functions
ARI1            63 uses - used for Wide-Mux implementation
Total ARI1      1389 uses


Sequential Cells: 
SLE            2129 uses

DSP Blocks:    2 of 784 (0%)
 MACC_PA:         1 MultAdd
 MACC_PA:         1 Mult

I/O ports: 139
I/O primitives: 127
BIBUF          48 uses
BIBUF_DIFF     4 uses
INBUF          26 uses
INBUF_DIFF     3 uses
OUTBUF         43 uses
OUTBUF_DIFF    3 uses


Global Clock Buffers: 3

Total LUTs:    5485

Extra resources required for RAM and MACC_PA interface logic during P&R:

RAM64X12 Interface Logic : SLEs = 228; LUTs = 228;
RAM1K20  Interface Logic : SLEs = 936; LUTs = 936;
MACC_PA     Interface Logic : SLEs = 72; LUTs = 72;
MACC_PA_BC_ROM     Interface Logic : SLEs = 0; LUTs = 0;

Total number of SLEs after P&R:  2129 + 228 + 936 + 72 = 3365;
Total number of LUTs after P&R:  5485 + 228 + 936 + 72 = 6721;

